Archive member included to satisfy reference by file (symbol)

c:/st/stm32cubeide_1.2.0/stm32cubeide/plugins/com.st.stm32cube.ide.mcu.externaltools.gnu-tools-for-stm32.7-2018-q2-update.win32_1.0.0.201904181610/tools/bin/../lib/gcc/arm-none-eabi/7.3.1/../../../../arm-none-eabi/lib/thumb/v7-m\libc_nano.a(lib_a-errno.o)
                              Core/Src/syscalls.o (__errno)
c:/st/stm32cubeide_1.2.0/stm32cubeide/plugins/com.st.stm32cube.ide.mcu.externaltools.gnu-tools-for-stm32.7-2018-q2-update.win32_1.0.0.201904181610/tools/bin/../lib/gcc/arm-none-eabi/7.3.1/../../../../arm-none-eabi/lib/thumb/v7-m\libc_nano.a(lib_a-exit.o)
                              c:/st/stm32cubeide_1.2.0/stm32cubeide/plugins/com.st.stm32cube.ide.mcu.externaltools.gnu-tools-for-stm32.7-2018-q2-update.win32_1.0.0.201904181610/tools/bin/../lib/gcc/arm-none-eabi/7.3.1/../../../../arm-none-eabi/lib/thumb/v7-m/crt0.o (exit)
c:/st/stm32cubeide_1.2.0/stm32cubeide/plugins/com.st.stm32cube.ide.mcu.externaltools.gnu-tools-for-stm32.7-2018-q2-update.win32_1.0.0.201904181610/tools/bin/../lib/gcc/arm-none-eabi/7.3.1/../../../../arm-none-eabi/lib/thumb/v7-m\libc_nano.a(lib_a-impure.o)
                              c:/st/stm32cubeide_1.2.0/stm32cubeide/plugins/com.st.stm32cube.ide.mcu.externaltools.gnu-tools-for-stm32.7-2018-q2-update.win32_1.0.0.201904181610/tools/bin/../lib/gcc/arm-none-eabi/7.3.1/../../../../arm-none-eabi/lib/thumb/v7-m\libc_nano.a(lib_a-exit.o) (_global_impure_ptr)
c:/st/stm32cubeide_1.2.0/stm32cubeide/plugins/com.st.stm32cube.ide.mcu.externaltools.gnu-tools-for-stm32.7-2018-q2-update.win32_1.0.0.201904181610/tools/bin/../lib/gcc/arm-none-eabi/7.3.1/../../../../arm-none-eabi/lib/thumb/v7-m\libc_nano.a(lib_a-init.o)
                              c:/st/stm32cubeide_1.2.0/stm32cubeide/plugins/com.st.stm32cube.ide.mcu.externaltools.gnu-tools-for-stm32.7-2018-q2-update.win32_1.0.0.201904181610/tools/bin/../lib/gcc/arm-none-eabi/7.3.1/../../../../arm-none-eabi/lib/thumb/v7-m/crt0.o (__libc_init_array)
c:/st/stm32cubeide_1.2.0/stm32cubeide/plugins/com.st.stm32cube.ide.mcu.externaltools.gnu-tools-for-stm32.7-2018-q2-update.win32_1.0.0.201904181610/tools/bin/../lib/gcc/arm-none-eabi/7.3.1/../../../../arm-none-eabi/lib/thumb/v7-m\libc_nano.a(lib_a-memset.o)
                              c:/st/stm32cubeide_1.2.0/stm32cubeide/plugins/com.st.stm32cube.ide.mcu.externaltools.gnu-tools-for-stm32.7-2018-q2-update.win32_1.0.0.201904181610/tools/bin/../lib/gcc/arm-none-eabi/7.3.1/../../../../arm-none-eabi/lib/thumb/v7-m/crt0.o (memset)

Allocating common symbols
Common symbol       size              file

hUsbDeviceFS        0x2c4             USB_DEVICE/App/usb_device.o
CDC_rx_flag         0x1               Core/Src/main.o
CDC_tx_buff         0x1               Core/Src/main.o
uwTick              0x4               Drivers/STM32F1xx_HAL_Driver/Src/stm32f1xx_hal.o
pFlash              0x20              Drivers/STM32F1xx_HAL_Driver/Src/stm32f1xx_hal_flash.o
UserRxBufferFS      0x3e8             USB_DEVICE/App/usbd_cdc_if.o
UserTxBufferFS      0x3e8             USB_DEVICE/App/usbd_cdc_if.o
hpcd_USB_FS         0x26c             USB_DEVICE/Target/usbd_conf.o
USBD_StrDesc        0x200             USB_DEVICE/App/usbd_desc.o

Discarded input sections

 .text          0x0000000000000000        0x0 c:/st/stm32cubeide_1.2.0/stm32cubeide/plugins/com.st.stm32cube.ide.mcu.externaltools.gnu-tools-for-stm32.7-2018-q2-update.win32_1.0.0.201904181610/tools/bin/../lib/gcc/arm-none-eabi/7.3.1/thumb/v7-m/crti.o
 .data          0x0000000000000000        0x0 c:/st/stm32cubeide_1.2.0/stm32cubeide/plugins/com.st.stm32cube.ide.mcu.externaltools.gnu-tools-for-stm32.7-2018-q2-update.win32_1.0.0.201904181610/tools/bin/../lib/gcc/arm-none-eabi/7.3.1/thumb/v7-m/crti.o
 .bss           0x0000000000000000        0x0 c:/st/stm32cubeide_1.2.0/stm32cubeide/plugins/com.st.stm32cube.ide.mcu.externaltools.gnu-tools-for-stm32.7-2018-q2-update.win32_1.0.0.201904181610/tools/bin/../lib/gcc/arm-none-eabi/7.3.1/thumb/v7-m/crti.o
 .data          0x0000000000000000        0x4 c:/st/stm32cubeide_1.2.0/stm32cubeide/plugins/com.st.stm32cube.ide.mcu.externaltools.gnu-tools-for-stm32.7-2018-q2-update.win32_1.0.0.201904181610/tools/bin/../lib/gcc/arm-none-eabi/7.3.1/thumb/v7-m/crtbegin.o
 .text          0x0000000000000000       0x74 c:/st/stm32cubeide_1.2.0/stm32cubeide/plugins/com.st.stm32cube.ide.mcu.externaltools.gnu-tools-for-stm32.7-2018-q2-update.win32_1.0.0.201904181610/tools/bin/../lib/gcc/arm-none-eabi/7.3.1/../../../../arm-none-eabi/lib/thumb/v7-m/crt0.o
 .data          0x0000000000000000        0x0 c:/st/stm32cubeide_1.2.0/stm32cubeide/plugins/com.st.stm32cube.ide.mcu.externaltools.gnu-tools-for-stm32.7-2018-q2-update.win32_1.0.0.201904181610/tools/bin/../lib/gcc/arm-none-eabi/7.3.1/../../../../arm-none-eabi/lib/thumb/v7-m/crt0.o
[...]
Memory Configuration

Name             Origin             Length             Attributes
RAM              0x0000000020000000 0x0000000000005000 xrw
FLASH            0x0000000008000000 0x0000000000010000 xr
*default*        0x0000000000000000 0xffffffffffffffff

Linker script and memory map

LOAD c:/st/stm32cubeide_1.2.0/stm32cubeide/plugins/com.st.stm32cube.ide.mcu.externaltools.gnu-tools-for-stm32.7-2018-q2-update.win32_1.0.0.201904181610/tools/bin/../lib/gcc/arm-none-eabi/7.3.1/thumb/v7-m/crti.o
LOAD c:/st/stm32cubeide_1.2.0/stm32cubeide/plugins/com.st.stm32cube.ide.mcu.externaltools.gnu-tools-for-stm32.7-2018-q2-update.win32_1.0.0.201904181610/tools/bin/../lib/gcc/arm-none-eabi/7.3.1/thumb/v7-m/crtbegin.o
LOAD c:/st/stm32cubeide_1.2.0/stm32cubeide/plugins/com.st.stm32cube.ide.mcu.externaltools.gnu-tools-for-stm32.7-2018-q2-update.win32_1.0.0.201904181610/tools/bin/../lib/gcc/arm-none-eabi/7.3.1/../../../../arm-none-eabi/lib/thumb/v7-m/crt0.o
LOAD Core/Src/main.o
LOAD Core/Src/stm32f1xx_hal_msp.o
LOAD Core/Src/stm32f1xx_it.o
LOAD Core/Src/syscalls.o
LOAD Core/Src/sysmem.o
LOAD Core/Src/system_stm32f1xx.o
LOAD Core/Startup/startup_stm32f103c8tx.o
LOAD Drivers/STM32F1xx_HAL_Driver/Src/stm32f1xx_hal.o
LOAD Drivers/STM32F1xx_HAL_Driver/Src/stm32f1xx_hal_cortex.o
LOAD Drivers/STM32F1xx_HAL_Driver/Src/stm32f1xx_hal_dma.o
LOAD Drivers/STM32F1xx_HAL_Driver/Src/stm32f1xx_hal_exti.o
LOAD Drivers/STM32F1xx_HAL_Driver/Src/stm32f1xx_hal_flash.o
LOAD Drivers/STM32F1xx_HAL_Driver/Src/stm32f1xx_hal_flash_ex.o
LOAD Drivers/STM32F1xx_HAL_Driver/Src/stm32f1xx_hal_gpio.o
LOAD Drivers/STM32F1xx_HAL_Driver/Src/stm32f1xx_hal_gpio_ex.o
LOAD Drivers/STM32F1xx_HAL_Driver/Src/stm32f1xx_hal_pcd.o
LOAD Drivers/STM32F1xx_HAL_Driver/Src/stm32f1xx_hal_pcd_ex.o
LOAD Drivers/STM32F1xx_HAL_Driver/Src/stm32f1xx_hal_pwr.o
LOAD Drivers/STM32F1xx_HAL_Driver/Src/stm32f1xx_hal_rcc.o
LOAD Drivers/STM32F1xx_HAL_Driver/Src/stm32f1xx_hal_rcc_ex.o
LOAD Drivers/STM32F1xx_HAL_Driver/Src/stm32f1xx_hal_tim.o
LOAD Drivers/STM32F1xx_HAL_Driver/Src/stm32f1xx_hal_tim_ex.o
LOAD Drivers/STM32F1xx_HAL_Driver/Src/stm32f1xx_ll_usb.o
LOAD Middlewares/ST/STM32_USB_Device_Library/Class/CDC/Src/usbd_cdc.o
LOAD Middlewares/ST/STM32_USB_Device_Library/Core/Src/usbd_core.o
LOAD Middlewares/ST/STM32_USB_Device_Library/Core/Src/usbd_ctlreq.o
LOAD Middlewares/ST/STM32_USB_Device_Library/Core/Src/usbd_ioreq.o
LOAD USB_DEVICE/App/usb_device.o
LOAD USB_DEVICE/App/usbd_cdc_if.o
LOAD USB_DEVICE/App/usbd_desc.o
LOAD USB_DEVICE/Target/usbd_conf.o
START GROUP
LOAD c:/st/stm32cubeide_1.2.0/stm32cubeide/plugins/com.st.stm32cube.ide.mcu.externaltools.gnu-tools-for-stm32.7-2018-q2-update.win32_1.0.0.201904181610/tools/bin/../lib/gcc/arm-none-eabi/7.3.1/../../../../arm-none-eabi/lib/thumb/v7-m\libc_nano.a
LOAD c:/st/stm32cubeide_1.2.0/stm32cubeide/plugins/com.st.stm32cube.ide.mcu.externaltools.gnu-tools-for-stm32.7-2018-q2-update.win32_1.0.0.201904181610/tools/bin/../lib/gcc/arm-none-eabi/7.3.1/../../../../arm-none-eabi/lib/thumb/v7-m\libm.a
END GROUP
START GROUP
LOAD c:/st/stm32cubeide_1.2.0/stm32cubeide/plugins/com.st.stm32cube.ide.mcu.externaltools.gnu-tools-for-stm32.7-2018-q2-update.win32_1.0.0.201904181610/tools/bin/../lib/gcc/arm-none-eabi/7.3.1/thumb/v7-m\libgcc.a
LOAD c:/st/stm32cubeide_1.2.0/stm32cubeide/plugins/com.st.stm32cube.ide.mcu.externaltools.gnu-tools-for-stm32.7-2018-q2-update.win32_1.0.0.201904181610/tools/bin/../lib/gcc/arm-none-eabi/7.3.1/../../../../arm-none-eabi/lib/thumb/v7-m\libc_nano.a
END GROUP
START GROUP
LOAD c:/st/stm32cubeide_1.2.0/stm32cubeide/plugins/com.st.stm32cube.ide.mcu.externaltools.gnu-tools-for-stm32.7-2018-q2-update.win32_1.0.0.201904181610/tools/bin/../lib/gcc/arm-none-eabi/7.3.1/thumb/v7-m\libgcc.a
LOAD c:/st/stm32cubeide_1.2.0/stm32cubeide/plugins/com.st.stm32cube.ide.mcu.externaltools.gnu-tools-for-stm32.7-2018-q2-update.win32_1.0.0.201904181610/tools/bin/../lib/gcc/arm-none-eabi/7.3.1/../../../../arm-none-eabi/lib/thumb/v7-m\libc_nano.a
LOAD c:/st/stm32cubeide_1.2.0/stm32cubeide/plugins/com.st.stm32cube.ide.mcu.externaltools.gnu-tools-for-stm32.7-2018-q2-update.win32_1.0.0.201904181610/tools/bin/../lib/gcc/arm-none-eabi/7.3.1/../../../../arm-none-eabi/lib/thumb/v7-m\libnosys.a
END GROUP
START GROUP
LOAD c:/st/stm32cubeide_1.2.0/stm32cubeide/plugins/com.st.stm32cube.ide.mcu.externaltools.gnu-tools-for-stm32.7-2018-q2-update.win32_1.0.0.201904181610/tools/bin/../lib/gcc/arm-none-eabi/7.3.1/thumb/v7-m\libgcc.a
LOAD c:/st/stm32cubeide_1.2.0/stm32cubeide/plugins/com.st.stm32cube.ide.mcu.externaltools.gnu-tools-for-stm32.7-2018-q2-update.win32_1.0.0.201904181610/tools/bin/../lib/gcc/arm-none-eabi/7.3.1/../../../../arm-none-eabi/lib/thumb/v7-m\libc_nano.a
LOAD c:/st/stm32cubeide_1.2.0/stm32cubeide/plugins/com.st.stm32cube.ide.mcu.externaltools.gnu-tools-for-stm32.7-2018-q2-update.win32_1.0.0.201904181610/tools/bin/../lib/gcc/arm-none-eabi/7.3.1/../../../../arm-none-eabi/lib/thumb/v7-m\libnosys.a
END GROUP
LOAD c:/st/stm32cubeide_1.2.0/stm32cubeide/plugins/com.st.stm32cube.ide.mcu.externaltools.gnu-tools-for-stm32.7-2018-q2-update.win32_1.0.0.201904181610/tools/bin/../lib/gcc/arm-none-eabi/7.3.1/thumb/v7-m/crtend.o
LOAD c:/st/stm32cubeide_1.2.0/stm32cubeide/plugins/com.st.stm32cube.ide.mcu.externaltools.gnu-tools-for-stm32.7-2018-q2-update.win32_1.0.0.201904181610/tools/bin/../lib/gcc/arm-none-eabi/7.3.1/thumb/v7-m/crtn.o
                0x0000000020005000                _estack = (ORIGIN (RAM) + LENGTH (RAM))
                0x0000000000000200                _Min_Heap_Size = 0x200
                0x0000000000000400                _Min_Stack_Size = 0x400

.isr_vector     0x0000000008000000      0x10c
                0x0000000008000000                . = ALIGN (0x4)
 *(.isr_vector)
 .isr_vector    0x0000000008000000      0x10c Core/Startup/startup_stm32f103c8tx.o
                0x0000000008000000                g_pfnVectors
                0x000000000800010c                . = ALIGN (0x4)

.text           0x000000000800010c     0x53ac
                0x000000000800010c                . = ALIGN (0x4)
 *(.text)
 .text          0x000000000800010c       0x40 c:/st/stm32cubeide_1.2.0/stm32cubeide/plugins/com.st.stm32cube.ide.mcu.externaltools.gnu-tools-for-stm32.7-2018-q2-update.win32_1.0.0.201904181610/tools/bin/../lib/gcc/arm-none-eabi/7.3.1/thumb/v7-m/crtbegin.o
 *(.text*)
 .text.main     0x000000000800014c       0x9c Core/Src/main.o
                0x000000000800014c                main
 .text.SystemClock_Config
                0x00000000080001e8       0xb6 Core/Src/main.o
                0x00000000080001e8                SystemClock_Config
 .text.MX_NVIC_Init
                0x000000000800029e       0x18 Core/Src/main.o
 *fill*         0x00000000080002b6        0x2 
 .text.MX_GPIO_Init
                0x00000000080002b8       0x98 Core/Src/main.o
 .text.Error_Handler
                0x0000000008000350        0xc Core/Src/main.o
                0x0000000008000350                Error_Handler
 .text.HAL_MspInit
                0x000000000800035c       0x74 Core/Src/stm32f1xx_hal_msp.o
                0x000000000800035c                HAL_MspInit
 .text.NMI_Handler
                0x00000000080003d0        0xc Core/Src/stm32f1xx_it.o
                0x00000000080003d0                NMI_Handler
 .text.HardFault_Handler
                0x00000000080003dc        0x6 Core/Src/stm32f1xx_it.o
                0x00000000080003dc                HardFault_Handler
 .text.MemManage_Handler
                0x00000000080003e2        0x6 Core/Src/stm32f1xx_it.o
                0x00000000080003e2                MemManage_Handler
 .text.BusFault_Handler
                0x00000000080003e8        0x6 Core/Src/stm32f1xx_it.o
                0x00000000080003e8                BusFault_Handler
 .text.UsageFault_Handler
                0x00000000080003ee        0x6 Core/Src/stm32f1xx_it.o
                0x00000000080003ee                UsageFault_Handler
 .text.SVC_Handler
                0x00000000080003f4        0xc Core/Src/stm32f1xx_it.o
                0x00000000080003f4                SVC_Handler
 .text.DebugMon_Handler
                0x0000000008000400        0xc Core/Src/stm32f1xx_it.o
                0x0000000008000400                DebugMon_Handler
 .text.PendSV_Handler
                0x000000000800040c        0xc Core/Src/stm32f1xx_it.o
                0x000000000800040c                PendSV_Handler
 .text.SysTick_Handler
                0x0000000008000418        0xc Core/Src/stm32f1xx_it.o
                0x0000000008000418                SysTick_Handler
 .text.RCC_IRQHandler
                0x0000000008000424        0xc Core/Src/stm32f1xx_it.o
                0x0000000008000424                RCC_IRQHandler
 .text.USB_LP_CAN1_RX0_IRQHandler
                0x0000000008000430       0x14 Core/Src/stm32f1xx_it.o
                0x0000000008000430                USB_LP_CAN1_RX0_IRQHandler
 .text.SystemInit
                0x0000000008000444       0x68 Core/Src/system_stm32f1xx.o
                0x0000000008000444                SystemInit
 .text.Reset_Handler
                0x00000000080004ac       0x48 Core/Startup/startup_stm32f103c8tx.o
                0x00000000080004ac                Reset_Handler
 .text.Default_Handler
                0x00000000080004f4        0x2 Core/Startup/startup_stm32f103c8tx.o
                0x00000000080004f4                RTC_Alarm_IRQHandler
                0x00000000080004f4                EXTI2_IRQHandler
                0x00000000080004f4                TIM1_CC_IRQHandler
                0x00000000080004f4                PVD_IRQHandler
                0x00000000080004f4                EXTI3_IRQHandler
                0x00000000080004f4                EXTI0_IRQHandler
                0x00000000080004f4                I2C2_EV_IRQHandler
                0x00000000080004f4                ADC1_2_IRQHandler
                0x00000000080004f4                SPI1_IRQHandler
                0x00000000080004f4                TAMPER_IRQHandler
                0x00000000080004f4                DMA1_Channel4_IRQHandler
                0x00000000080004f4                USART3_IRQHandler
                0x00000000080004f4                RTC_IRQHandler
                0x00000000080004f4                DMA1_Channel7_IRQHandler
                0x00000000080004f4                CAN1_RX1_IRQHandler
                0x00000000080004f4                TIM4_IRQHandler
                0x00000000080004f4                I2C1_EV_IRQHandler
                0x00000000080004f4                DMA1_Channel6_IRQHandler
                0x00000000080004f4                TIM3_IRQHandler
                0x00000000080004f4                TIM1_TRG_COM_IRQHandler
                0x00000000080004f4                DMA1_Channel1_IRQHandler
                0x00000000080004f4                Default_Handler
                0x00000000080004f4                EXTI15_10_IRQHandler
                0x00000000080004f4                EXTI9_5_IRQHandler
                0x00000000080004f4                SPI2_IRQHandler
                0x00000000080004f4                DMA1_Channel5_IRQHandler
                0x00000000080004f4                EXTI4_IRQHandler
                0x00000000080004f4                USB_HP_CAN1_TX_IRQHandler
                0x00000000080004f4                DMA1_Channel3_IRQHandler
                0x00000000080004f4                TIM1_UP_IRQHandler
                0x00000000080004f4                WWDG_IRQHandler
                0x00000000080004f4                TIM2_IRQHandler
                0x00000000080004f4                TIM1_BRK_IRQHandler
                0x00000000080004f4                EXTI1_IRQHandler
                0x00000000080004f4                USART2_IRQHandler
                0x00000000080004f4                I2C2_ER_IRQHandler
                0x00000000080004f4                DMA1_Channel2_IRQHandler
                0x00000000080004f4                CAN1_SCE_IRQHandler
                0x00000000080004f4                FLASH_IRQHandler
                0x00000000080004f4                USART1_IRQHandler
                0x00000000080004f4                I2C1_ER_IRQHandler
                0x00000000080004f4                USBWakeUp_IRQHandler
 *fill*         0x00000000080004f6        0x2 
 .text.HAL_Init
                0x00000000080004f8       0x2c Drivers/STM32F1xx_HAL_Driver/Src/stm32f1xx_hal.o
                0x00000000080004f8                HAL_Init
 .text.HAL_InitTick
                0x0000000008000524       0x60 Drivers/STM32F1xx_HAL_Driver/Src/stm32f1xx_hal.o
                0x0000000008000524                HAL_InitTick
 .text.HAL_IncTick
                0x0000000008000584       0x24 Drivers/STM32F1xx_HAL_Driver/Src/stm32f1xx_hal.o
                0x0000000008000584                HAL_IncTick
 .text.HAL_GetTick
                0x00000000080005a8       0x14 Drivers/STM32F1xx_HAL_Driver/Src/stm32f1xx_hal.o
                0x00000000080005a8                HAL_GetTick
 .text.__NVIC_SetPriorityGrouping
                0x00000000080005bc       0x48 Drivers/STM32F1xx_HAL_Driver/Src/stm32f1xx_hal_cortex.o
 .text.__NVIC_GetPriorityGrouping
                0x0000000008000604       0x1c Drivers/STM32F1xx_HAL_Driver/Src/stm32f1xx_hal_cortex.o
 .text.__NVIC_EnableIRQ
                0x0000000008000620       0x38 Drivers/STM32F1xx_HAL_Driver/Src/stm32f1xx_hal_cortex.o
 .text.__NVIC_SetPriority
                0x0000000008000658       0x54 Drivers/STM32F1xx_HAL_Driver/Src/stm32f1xx_hal_cortex.o
 .text.NVIC_EncodePriority
                0x00000000080006ac       0x64 Drivers/STM32F1xx_HAL_Driver/Src/stm32f1xx_hal_cortex.o
 .text.SysTick_Config
                0x0000000008000710       0x44 Drivers/STM32F1xx_HAL_Driver/Src/stm32f1xx_hal_cortex.o
 .text.HAL_NVIC_SetPriorityGrouping
                0x0000000008000754       0x16 Drivers/STM32F1xx_HAL_Driver/Src/stm32f1xx_hal_cortex.o
                0x0000000008000754                HAL_NVIC_SetPriorityGrouping
 .text.HAL_NVIC_SetPriority
                0x000000000800076a       0x38 Drivers/STM32F1xx_HAL_Driver/Src/stm32f1xx_hal_cortex.o
                0x000000000800076a                HAL_NVIC_SetPriority
 .text.HAL_NVIC_EnableIRQ
                0x00000000080007a2       0x1c Drivers/STM32F1xx_HAL_Driver/Src/stm32f1xx_hal_cortex.o
                0x00000000080007a2                HAL_NVIC_EnableIRQ
 .text.HAL_SYSTICK_Config
                0x00000000080007be       0x18 Drivers/STM32F1xx_HAL_Driver/Src/stm32f1xx_hal_cortex.o
                0x00000000080007be                HAL_SYSTICK_Config
 *fill*         0x00000000080007d6        0x2 
 .text.HAL_GPIO_Init
                0x00000000080007d8      0x2b4 Drivers/STM32F1xx_HAL_Driver/Src/stm32f1xx_hal_gpio.o
                0x00000000080007d8                HAL_GPIO_Init
 .text.HAL_GPIO_WritePin
                0x0000000008000a8c       0x30 Drivers/STM32F1xx_HAL_Driver/Src/stm32f1xx_hal_gpio.o
                0x0000000008000a8c                HAL_GPIO_WritePin
 .text.HAL_PCD_Init
                0x0000000008000abc      0x1c2 Drivers/STM32F1xx_HAL_Driver/Src/stm32f1xx_hal_pcd.o
                0x0000000008000abc                HAL_PCD_Init
 .text.HAL_PCD_Start
                0x0000000008000c7e       0x4c Drivers/STM32F1xx_HAL_Driver/Src/stm32f1xx_hal_pcd.o
                0x0000000008000c7e                HAL_PCD_Start
 .text.HAL_PCD_IRQHandler
                0x0000000008000cca      0x21c Drivers/STM32F1xx_HAL_Driver/Src/stm32f1xx_hal_pcd.o
                0x0000000008000cca                HAL_PCD_IRQHandler
 .text.HAL_PCD_SetAddress
                0x0000000008000ee6       0x4a Drivers/STM32F1xx_HAL_Driver/Src/stm32f1xx_hal_pcd.o
                0x0000000008000ee6                HAL_PCD_SetAddress
 .text.HAL_PCD_EP_Open
                0x0000000008000f30       0xc0 Drivers/STM32F1xx_HAL_Driver/Src/stm32f1xx_hal_pcd.o
                0x0000000008000f30                HAL_PCD_EP_Open
 .text.HAL_PCD_EP_Close
                0x0000000008000ff0       0x84 Drivers/STM32F1xx_HAL_Driver/Src/stm32f1xx_hal_pcd.o
                0x0000000008000ff0                HAL_PCD_EP_Close
 .text.HAL_PCD_EP_Receive
                0x0000000008001074       0x74 Drivers/STM32F1xx_HAL_Driver/Src/stm32f1xx_hal_pcd.o
                0x0000000008001074                HAL_PCD_EP_Receive
 .text.HAL_PCD_EP_GetRxCount
                0x00000000080010e8       0x28 Drivers/STM32F1xx_HAL_Driver/Src/stm32f1xx_hal_pcd.o
                0x00000000080010e8                HAL_PCD_EP_GetRxCount
 .text.HAL_PCD_EP_Transmit
                0x0000000008001110       0x72 Drivers/STM32F1xx_HAL_Driver/Src/stm32f1xx_hal_pcd.o
                0x0000000008001110                HAL_PCD_EP_Transmit
 .text.HAL_PCD_EP_SetStall
                0x0000000008001182       0xb4 Drivers/STM32F1xx_HAL_Driver/Src/stm32f1xx_hal_pcd.o
                0x0000000008001182                HAL_PCD_EP_SetStall
 .text.HAL_PCD_EP_ClrStall
                0x0000000008001236       0x9c Drivers/STM32F1xx_HAL_Driver/Src/stm32f1xx_hal_pcd.o
                0x0000000008001236                HAL_PCD_EP_ClrStall
 *fill*         0x00000000080012d2        0x2 
 .text.PCD_EP_ISR_Handler
                0x00000000080012d4      0x534 Drivers/STM32F1xx_HAL_Driver/Src/stm32f1xx_hal_pcd.o
 .text.HAL_PCDEx_PMAConfig
                0x0000000008001808       0x78 Drivers/STM32F1xx_HAL_Driver/Src/stm32f1xx_hal_pcd_ex.o
                0x0000000008001808                HAL_PCDEx_PMAConfig
 .text.HAL_RCC_OscConfig
                0x0000000008001880      0x500 Drivers/STM32F1xx_HAL_Driver/Src/stm32f1xx_hal_rcc.o
                0x0000000008001880                HAL_RCC_OscConfig
 .text.HAL_RCC_ClockConfig
                0x0000000008001d80      0x1d4 Drivers/STM32F1xx_HAL_Driver/Src/stm32f1xx_hal_rcc.o
                0x0000000008001d80                HAL_RCC_ClockConfig
 .text.HAL_RCC_GetSysClockFreq
                0x0000000008001f54       0xc4 Drivers/STM32F1xx_HAL_Driver/Src/stm32f1xx_hal_rcc.o
                0x0000000008001f54                HAL_RCC_GetSysClockFreq
 .text.RCC_Delay
                0x0000000008002018       0x3c Drivers/STM32F1xx_HAL_Driver/Src/stm32f1xx_hal_rcc.o
 .text.HAL_RCCEx_PeriphCLKConfig
                0x0000000008002054      0x16c Drivers/STM32F1xx_HAL_Driver/Src/stm32f1xx_hal_rcc_ex.o
                0x0000000008002054                HAL_RCCEx_PeriphCLKConfig
 .text.USB_CoreInit
                0x00000000080021c0       0x20 Drivers/STM32F1xx_HAL_Driver/Src/stm32f1xx_ll_usb.o
                0x00000000080021c0                USB_CoreInit
 .text.USB_EnableGlobalInt
                0x00000000080021e0       0x2e Drivers/STM32F1xx_HAL_Driver/Src/stm32f1xx_ll_usb.o
                0x00000000080021e0                USB_EnableGlobalInt
 .text.USB_DisableGlobalInt
                0x000000000800220e       0x38 Drivers/STM32F1xx_HAL_Driver/Src/stm32f1xx_ll_usb.o
                0x000000000800220e                USB_DisableGlobalInt
 .text.USB_SetCurrentMode
                0x0000000008002246       0x18 Drivers/STM32F1xx_HAL_Driver/Src/stm32f1xx_ll_usb.o
                0x0000000008002246                USB_SetCurrentMode
 .text.USB_DevInit
                0x000000000800225e       0x48 Drivers/STM32F1xx_HAL_Driver/Src/stm32f1xx_ll_usb.o
                0x000000000800225e                USB_DevInit
 *fill*         0x00000000080022a6        0x2 
 .text.USB_ActivateEndpoint
                0x00000000080022a8      0x5dc Drivers/STM32F1xx_HAL_Driver/Src/stm32f1xx_ll_usb.o
                0x00000000080022a8                USB_ActivateEndpoint
 .text.USB_DeactivateEndpoint
                0x0000000008002884      0x32c Drivers/STM32F1xx_HAL_Driver/Src/stm32f1xx_ll_usb.o
                0x0000000008002884                USB_DeactivateEndpoint
 .text.USB_EPStartXfer
                0x0000000008002bb0      0x570 Drivers/STM32F1xx_HAL_Driver/Src/stm32f1xx_ll_usb.o
                0x0000000008002bb0                USB_EPStartXfer
 .text.USB_EPSetStall
                0x0000000008003120       0x84 Drivers/STM32F1xx_HAL_Driver/Src/stm32f1xx_ll_usb.o
                0x0000000008003120                USB_EPSetStall
 .text.USB_EPClearStall
                0x00000000080031a4      0x128 Drivers/STM32F1xx_HAL_Driver/Src/stm32f1xx_ll_usb.o
                0x00000000080031a4                USB_EPClearStall
 .text.USB_SetDevAddress
                0x00000000080032cc       0x26 Drivers/STM32F1xx_HAL_Driver/Src/stm32f1xx_ll_usb.o
                0x00000000080032cc                USB_SetDevAddress
 .text.USB_DevConnect
                0x00000000080032f2       0x14 Drivers/STM32F1xx_HAL_Driver/Src/stm32f1xx_ll_usb.o
                0x00000000080032f2                USB_DevConnect
 .text.USB_DevDisconnect
                0x0000000008003306       0x14 Drivers/STM32F1xx_HAL_Driver/Src/stm32f1xx_ll_usb.o
                0x0000000008003306                USB_DevDisconnect
 .text.USB_ReadInterrupts
                0x000000000800331a       0x1e Drivers/STM32F1xx_HAL_Driver/Src/stm32f1xx_ll_usb.o
                0x000000000800331a                USB_ReadInterrupts
 .text.USB_EP0_OutStart
                0x0000000008003338       0x16 Drivers/STM32F1xx_HAL_Driver/Src/stm32f1xx_ll_usb.o
                0x0000000008003338                USB_EP0_OutStart
 .text.USB_WritePMA
                0x000000000800334e       0x88 Drivers/STM32F1xx_HAL_Driver/Src/stm32f1xx_ll_usb.o
                0x000000000800334e                USB_WritePMA
 .text.USB_ReadPMA
                0x00000000080033d6       0x9e Drivers/STM32F1xx_HAL_Driver/Src/stm32f1xx_ll_usb.o
                0x00000000080033d6                USB_ReadPMA
 .text.USBD_CDC_Init
                0x0000000008003474       0xf4 Middlewares/ST/STM32_USB_Device_Library/Class/CDC/Src/usbd_cdc.o
 .text.USBD_CDC_DeInit
                0x0000000008003568       0x6e Middlewares/ST/STM32_USB_Device_Library/Class/CDC/Src/usbd_cdc.o
 .text.USBD_CDC_Setup
                0x00000000080035d6      0x140 Middlewares/ST/STM32_USB_Device_Library/Class/CDC/Src/usbd_cdc.o
 .text.USBD_CDC_DataIn
                0x0000000008003716       0xa0 Middlewares/ST/STM32_USB_Device_Library/Class/CDC/Src/usbd_cdc.o
 .text.USBD_CDC_DataOut
                0x00000000080037b6       0x56 Middlewares/ST/STM32_USB_Device_Library/Class/CDC/Src/usbd_cdc.o
 .text.USBD_CDC_EP0_RxReady
                0x000000000800380c       0x50 Middlewares/ST/STM32_USB_Device_Library/Class/CDC/Src/usbd_cdc.o
 .text.USBD_CDC_GetFSCfgDesc
                0x000000000800385c       0x20 Middlewares/ST/STM32_USB_Device_Library/Class/CDC/Src/usbd_cdc.o
 .text.USBD_CDC_GetHSCfgDesc
                0x000000000800387c       0x20 Middlewares/ST/STM32_USB_Device_Library/Class/CDC/Src/usbd_cdc.o
 .text.USBD_CDC_GetOtherSpeedCfgDesc
                0x000000000800389c       0x20 Middlewares/ST/STM32_USB_Device_Library/Class/CDC/Src/usbd_cdc.o
 .text.USBD_CDC_GetDeviceQualifierDescriptor
                0x00000000080038bc       0x20 Middlewares/ST/STM32_USB_Device_Library/Class/CDC/Src/usbd_cdc.o
                0x00000000080038bc                USBD_CDC_GetDeviceQualifierDescriptor
 .text.USBD_CDC_RegisterInterface
                0x00000000080038dc       0x2c Middlewares/ST/STM32_USB_Device_Library/Class/CDC/Src/usbd_cdc.o
                0x00000000080038dc                USBD_CDC_RegisterInterface
 .text.USBD_CDC_SetTxBuffer
                0x0000000008003908       0x32 Middlewares/ST/STM32_USB_Device_Library/Class/CDC/Src/usbd_cdc.o
                0x0000000008003908                USBD_CDC_SetTxBuffer
 .text.USBD_CDC_SetRxBuffer
                0x000000000800393a       0x26 Middlewares/ST/STM32_USB_Device_Library/Class/CDC/Src/usbd_cdc.o
                0x000000000800393a                USBD_CDC_SetRxBuffer
 .text.USBD_CDC_TransmitPacket
                0x0000000008003960       0x5e Middlewares/ST/STM32_USB_Device_Library/Class/CDC/Src/usbd_cdc.o
                0x0000000008003960                USBD_CDC_TransmitPacket
 .text.USBD_CDC_ReceivePacket
                0x00000000080039be       0x54 Middlewares/ST/STM32_USB_Device_Library/Class/CDC/Src/usbd_cdc.o
                0x00000000080039be                USBD_CDC_ReceivePacket
 .text.USBD_Init
                0x0000000008003a12       0x56 Middlewares/ST/STM32_USB_Device_Library/Core/Src/usbd_core.o
                0x0000000008003a12                USBD_Init
 .text.USBD_RegisterClass
                0x0000000008003a68       0x32 Middlewares/ST/STM32_USB_Device_Library/Core/Src/usbd_core.o
                0x0000000008003a68                USBD_RegisterClass
 .text.USBD_Start
                0x0000000008003a9a       0x18 Middlewares/ST/STM32_USB_Device_Library/Core/Src/usbd_core.o
                0x0000000008003a9a                USBD_Start
 .text.USBD_RunTestMode
                0x0000000008003ab2       0x14 Middlewares/ST/STM32_USB_Device_Library/Core/Src/usbd_core.o
                0x0000000008003ab2                USBD_RunTestMode
 .text.USBD_SetClassConfig
                0x0000000008003ac6       0x3e Middlewares/ST/STM32_USB_Device_Library/Core/Src/usbd_core.o
                0x0000000008003ac6                USBD_SetClassConfig
 .text.USBD_ClrClassConfig
                0x0000000008003b04       0x26 Middlewares/ST/STM32_USB_Device_Library/Core/Src/usbd_core.o
                0x0000000008003b04                USBD_ClrClassConfig
 .text.USBD_LL_SetupStage
                0x0000000008003b2a       0x96 Middlewares/ST/STM32_USB_Device_Library/Core/Src/usbd_core.o
                0x0000000008003b2a                USBD_LL_SetupStage
 .text.USBD_LL_DataOutStage
                0x0000000008003bc0       0xe2 Middlewares/ST/STM32_USB_Device_Library/Core/Src/usbd_core.o
                0x0000000008003bc0                USBD_LL_DataOutStage
 .text.USBD_LL_DataInStage
                0x0000000008003ca2      0x14a Middlewares/ST/STM32_USB_Device_Library/Core/Src/usbd_core.o
                0x0000000008003ca2                USBD_LL_DataInStage
 .text.USBD_LL_Reset
                0x0000000008003dec       0x82 Middlewares/ST/STM32_USB_Device_Library/Core/Src/usbd_core.o
                0x0000000008003dec                USBD_LL_Reset
 .text.USBD_LL_SetSpeed
                0x0000000008003e6e       0x1e Middlewares/ST/STM32_USB_Device_Library/Core/Src/usbd_core.o
                0x0000000008003e6e                USBD_LL_SetSpeed
 .text.USBD_LL_Suspend
                0x0000000008003e8c       0x28 Middlewares/ST/STM32_USB_Device_Library/Core/Src/usbd_core.o
                0x0000000008003e8c                USBD_LL_Suspend
 .text.USBD_LL_Resume
                0x0000000008003eb4       0x2a Middlewares/ST/STM32_USB_Device_Library/Core/Src/usbd_core.o
                0x0000000008003eb4                USBD_LL_Resume
 .text.USBD_LL_SOF
                0x0000000008003ede       0x34 Middlewares/ST/STM32_USB_Device_Library/Core/Src/usbd_core.o
                0x0000000008003ede                USBD_LL_SOF
 *fill*         0x0000000008003f12        0x2 
 .text.USBD_StdDevReq
                0x0000000008003f14       0xd4 Middlewares/ST/STM32_USB_Device_Library/Core/Src/usbd_ctlreq.o
                0x0000000008003f14                USBD_StdDevReq
 .text.USBD_StdItfReq
                0x0000000008003fe8       0x8c Middlewares/ST/STM32_USB_Device_Library/Core/Src/usbd_ctlreq.o
                0x0000000008003fe8                USBD_StdItfReq
 .text.USBD_StdEPReq
                0x0000000008004074      0x2ba Middlewares/ST/STM32_USB_Device_Library/Core/Src/usbd_ctlreq.o
                0x0000000008004074                USBD_StdEPReq
 *fill*         0x000000000800432e        0x2 
 .text.USBD_GetDescriptor
                0x0000000008004330      0x2d0 Middlewares/ST/STM32_USB_Device_Library/Core/Src/usbd_ctlreq.o
 .text.USBD_SetAddress
                0x0000000008004600       0x84 Middlewares/ST/STM32_USB_Device_Library/Core/Src/usbd_ctlreq.o
 .text.USBD_SetConfig
                0x0000000008004684      0x11c Middlewares/ST/STM32_USB_Device_Library/Core/Src/usbd_ctlreq.o
 .text.USBD_GetConfig
                0x00000000080047a0       0x68 Middlewares/ST/STM32_USB_Device_Library/Core/Src/usbd_ctlreq.o
 .text.USBD_GetStatus
                0x0000000008004808       0x66 Middlewares/ST/STM32_USB_Device_Library/Core/Src/usbd_ctlreq.o
 .text.USBD_SetFeature
                0x000000000800486e       0x28 Middlewares/ST/STM32_USB_Device_Library/Core/Src/usbd_ctlreq.o
 .text.USBD_ClrFeature
                0x0000000008004896       0x42 Middlewares/ST/STM32_USB_Device_Library/Core/Src/usbd_ctlreq.o
 .text.USBD_ParseSetupRequest
                0x00000000080048d8       0x78 Middlewares/ST/STM32_USB_Device_Library/Core/Src/usbd_ctlreq.o
                0x00000000080048d8                USBD_ParseSetupRequest
 .text.USBD_CtlError
                0x0000000008004950       0x22 Middlewares/ST/STM32_USB_Device_Library/Core/Src/usbd_ctlreq.o
                0x0000000008004950                USBD_CtlError
 .text.USBD_GetString
                0x0000000008004972       0x84 Middlewares/ST/STM32_USB_Device_Library/Core/Src/usbd_ctlreq.o
                0x0000000008004972                USBD_GetString
 .text.USBD_GetLen
                0x00000000080049f6       0x2e Middlewares/ST/STM32_USB_Device_Library/Core/Src/usbd_ctlreq.o
 .text.USBD_CtlSendData
                0x0000000008004a24       0x38 Middlewares/ST/STM32_USB_Device_Library/Core/Src/usbd_ioreq.o
                0x0000000008004a24                USBD_CtlSendData
 .text.USBD_CtlContinueSendData
                0x0000000008004a5c       0x24 Middlewares/ST/STM32_USB_Device_Library/Core/Src/usbd_ioreq.o
                0x0000000008004a5c                USBD_CtlContinueSendData
 .text.USBD_CtlPrepareRx
                0x0000000008004a80       0x3c Middlewares/ST/STM32_USB_Device_Library/Core/Src/usbd_ioreq.o
                0x0000000008004a80                USBD_CtlPrepareRx
 .text.USBD_CtlContinueRx
                0x0000000008004abc       0x24 Middlewares/ST/STM32_USB_Device_Library/Core/Src/usbd_ioreq.o
                0x0000000008004abc                USBD_CtlContinueRx
 .text.USBD_CtlSendStatus
                0x0000000008004ae0       0x26 Middlewares/ST/STM32_USB_Device_Library/Core/Src/usbd_ioreq.o
                0x0000000008004ae0                USBD_CtlSendStatus
 .text.USBD_CtlReceiveStatus
                0x0000000008004b06       0x26 Middlewares/ST/STM32_USB_Device_Library/Core/Src/usbd_ioreq.o
                0x0000000008004b06                USBD_CtlReceiveStatus
 .text.MX_USB_DEVICE_Init
                0x0000000008004b2c       0x60 USB_DEVICE/App/usb_device.o
                0x0000000008004b2c                MX_USB_DEVICE_Init
 .text.CDC_Init_FS
                0x0000000008004b8c       0x28 USB_DEVICE/App/usbd_cdc_if.o
 .text.CDC_DeInit_FS
                0x0000000008004bb4        0xe USB_DEVICE/App/usbd_cdc_if.o
 *fill*         0x0000000008004bc2        0x2 
 .text.CDC_Control_FS
                0x0000000008004bc4       0xbc USB_DEVICE/App/usbd_cdc_if.o
 .text.CDC_Receive_FS
                0x0000000008004c80       0x34 USB_DEVICE/App/usbd_cdc_if.o
 .text.CDC_Transmit_FS
                0x0000000008004cb4       0x4c USB_DEVICE/App/usbd_cdc_if.o
                0x0000000008004cb4                CDC_Transmit_FS
 .text.USBD_FS_DeviceDescriptor
                0x0000000008004d00       0x24 USB_DEVICE/App/usbd_desc.o
                0x0000000008004d00                USBD_FS_DeviceDescriptor
 .text.USBD_FS_LangIDStrDescriptor
                0x0000000008004d24       0x24 USB_DEVICE/App/usbd_desc.o
                0x0000000008004d24                USBD_FS_LangIDStrDescriptor
 .text.USBD_FS_ProductStrDescriptor
                0x0000000008004d48       0x3c USB_DEVICE/App/usbd_desc.o
                0x0000000008004d48                USBD_FS_ProductStrDescriptor
 .text.USBD_FS_ManufacturerStrDescriptor
                0x0000000008004d84       0x28 USB_DEVICE/App/usbd_desc.o
                0x0000000008004d84                USBD_FS_ManufacturerStrDescriptor
 .text.USBD_FS_SerialStrDescriptor
                0x0000000008004dac       0x24 USB_DEVICE/App/usbd_desc.o
                0x0000000008004dac                USBD_FS_SerialStrDescriptor
 .text.USBD_FS_ConfigStrDescriptor
                0x0000000008004dd0       0x3c USB_DEVICE/App/usbd_desc.o
                0x0000000008004dd0                USBD_FS_ConfigStrDescriptor
 .text.USBD_FS_InterfaceStrDescriptor
                0x0000000008004e0c       0x3c USB_DEVICE/App/usbd_desc.o
                0x0000000008004e0c                USBD_FS_InterfaceStrDescriptor
 .text.Get_SerialNum
                0x0000000008004e48       0x58 USB_DEVICE/App/usbd_desc.o
 .text.IntToUnicode
                0x0000000008004ea0       0x7a USB_DEVICE/App/usbd_desc.o
 *fill*         0x0000000008004f1a        0x2 
 .text.HAL_PCD_MspInit
                0x0000000008004f1c       0x3c USB_DEVICE/Target/usbd_conf.o
                0x0000000008004f1c                HAL_PCD_MspInit
 .text.HAL_PCD_SetupStageCallback
                0x0000000008004f58       0x24 USB_DEVICE/Target/usbd_conf.o
                0x0000000008004f58                HAL_PCD_SetupStageCallback
 .text.HAL_PCD_DataOutStageCallback
                0x0000000008004f7c       0x30 USB_DEVICE/Target/usbd_conf.o
                0x0000000008004f7c                HAL_PCD_DataOutStageCallback
 .text.HAL_PCD_DataInStageCallback
                0x0000000008004fac       0x2e USB_DEVICE/Target/usbd_conf.o
                0x0000000008004fac                HAL_PCD_DataInStageCallback
 .text.HAL_PCD_SOFCallback
                0x0000000008004fda       0x1c USB_DEVICE/Target/usbd_conf.o
                0x0000000008004fda                HAL_PCD_SOFCallback
 .text.HAL_PCD_ResetCallback
                0x0000000008004ff6       0x3c USB_DEVICE/Target/usbd_conf.o
                0x0000000008004ff6                HAL_PCD_ResetCallback
 *fill*         0x0000000008005032        0x2 
 .text.HAL_PCD_SuspendCallback
                0x0000000008005034       0x34 USB_DEVICE/Target/usbd_conf.o
                0x0000000008005034                HAL_PCD_SuspendCallback
 .text.HAL_PCD_ResumeCallback
                0x0000000008005068       0x1c USB_DEVICE/Target/usbd_conf.o
                0x0000000008005068                HAL_PCD_ResumeCallback
 .text.USBD_LL_Init
                0x0000000008005084       0xb4 USB_DEVICE/Target/usbd_conf.o
                0x0000000008005084                USBD_LL_Init
 .text.USBD_LL_Start
                0x0000000008005138       0x36 USB_DEVICE/Target/usbd_conf.o
                0x0000000008005138                USBD_LL_Start
 .text.USBD_LL_OpenEP
                0x000000000800516e       0x4c USB_DEVICE/Target/usbd_conf.o
                0x000000000800516e                USBD_LL_OpenEP
 .text.USBD_LL_CloseEP
                0x00000000080051ba       0x3e USB_DEVICE/Target/usbd_conf.o
                0x00000000080051ba                USBD_LL_CloseEP
 .text.USBD_LL_StallEP
                0x00000000080051f8       0x3e USB_DEVICE/Target/usbd_conf.o
                0x00000000080051f8                USBD_LL_StallEP
 .text.USBD_LL_ClearStallEP
                0x0000000008005236       0x3e USB_DEVICE/Target/usbd_conf.o
                0x0000000008005236                USBD_LL_ClearStallEP
 .text.USBD_LL_IsStallEP
                0x0000000008005274       0x4a USB_DEVICE/Target/usbd_conf.o
                0x0000000008005274                USBD_LL_IsStallEP
 .text.USBD_LL_SetUSBAddress
                0x00000000080052be       0x3e USB_DEVICE/Target/usbd_conf.o
                0x00000000080052be                USBD_LL_SetUSBAddress
 .text.USBD_LL_Transmit
                0x00000000080052fc       0x46 USB_DEVICE/Target/usbd_conf.o
                0x00000000080052fc                USBD_LL_Transmit
 .text.USBD_LL_PrepareReceive
                0x0000000008005342       0x46 USB_DEVICE/Target/usbd_conf.o
                0x0000000008005342                USBD_LL_PrepareReceive
 .text.USBD_LL_GetRxDataSize
                0x0000000008005388       0x26 USB_DEVICE/Target/usbd_conf.o
                0x0000000008005388                USBD_LL_GetRxDataSize
 *fill*         0x00000000080053ae        0x2 
 .text.USBD_static_malloc
                0x00000000080053b0       0x18 USB_DEVICE/Target/usbd_conf.o
                0x00000000080053b0                USBD_static_malloc
 .text.USBD_static_free
                0x00000000080053c8       0x12 USB_DEVICE/Target/usbd_conf.o
                0x00000000080053c8                USBD_static_free
 .text.HAL_PCDEx_SetConnectionState
                0x00000000080053da       0x16 USB_DEVICE/Target/usbd_conf.o
                0x00000000080053da                HAL_PCDEx_SetConnectionState
 .text.USBD_Get_USB_Status
                0x00000000080053f0       0x58 USB_DEVICE/Target/usbd_conf.o
 .text.__libc_init_array
                0x0000000008005448       0x48 c:/st/stm32cubeide_1.2.0/stm32cubeide/plugins/com.st.stm32cube.ide.mcu.externaltools.gnu-tools-for-stm32.7-2018-q2-update.win32_1.0.0.201904181610/tools/bin/../lib/gcc/arm-none-eabi/7.3.1/../../../../arm-none-eabi/lib/thumb/v7-m\libc_nano.a(lib_a-init.o)
                0x0000000008005448                __libc_init_array
 .text.memset   0x0000000008005490       0x10 c:/st/stm32cubeide_1.2.0/stm32cubeide/plugins/com.st.stm32cube.ide.mcu.externaltools.gnu-tools-for-stm32.7-2018-q2-update.win32_1.0.0.201904181610/tools/bin/../lib/gcc/arm-none-eabi/7.3.1/../../../../arm-none-eabi/lib/thumb/v7-m\libc_nano.a(lib_a-memset.o)
                0x0000000008005490                memset
 *(.glue_7)
 .glue_7        0x00000000080054a0        0x0 linker stubs
 *(.glue_7t)
 .glue_7t       0x00000000080054a0        0x0 linker stubs
 *(.eh_frame)
 .eh_frame      0x00000000080054a0        0x0 c:/st/stm32cubeide_1.2.0/stm32cubeide/plugins/com.st.stm32cube.ide.mcu.externaltools.gnu-tools-for-stm32.7-2018-q2-update.win32_1.0.0.201904181610/tools/bin/../lib/gcc/arm-none-eabi/7.3.1/thumb/v7-m/crtbegin.o
 *(.init)
 .init          0x00000000080054a0        0x4 c:/st/stm32cubeide_1.2.0/stm32cubeide/plugins/com.st.stm32cube.ide.mcu.externaltools.gnu-tools-for-stm32.7-2018-q2-update.win32_1.0.0.201904181610/tools/bin/../lib/gcc/arm-none-eabi/7.3.1/thumb/v7-m/crti.o
                0x00000000080054a0                _init
 .init          0x00000000080054a4        0x8 c:/st/stm32cubeide_1.2.0/stm32cubeide/plugins/com.st.stm32cube.ide.mcu.externaltools.gnu-tools-for-stm32.7-2018-q2-update.win32_1.0.0.201904181610/tools/bin/../lib/gcc/arm-none-eabi/7.3.1/thumb/v7-m/crtn.o
 *(.fini)
 .fini          0x00000000080054ac        0x4 c:/st/stm32cubeide_1.2.0/stm32cubeide/plugins/com.st.stm32cube.ide.mcu.externaltools.gnu-tools-for-stm32.7-2018-q2-update.win32_1.0.0.201904181610/tools/bin/../lib/gcc/arm-none-eabi/7.3.1/thumb/v7-m/crti.o
                0x00000000080054ac                _fini
 .fini          0x00000000080054b0        0x8 c:/st/stm32cubeide_1.2.0/stm32cubeide/plugins/com.st.stm32cube.ide.mcu.externaltools.gnu-tools-for-stm32.7-2018-q2-update.win32_1.0.0.201904181610/tools/bin/../lib/gcc/arm-none-eabi/7.3.1/thumb/v7-m/crtn.o
                0x00000000080054b8                . = ALIGN (0x4)
                0x00000000080054b8                _etext = .

.vfp11_veneer   0x00000000080054b8        0x0
 .vfp11_veneer  0x00000000080054b8        0x0 linker stubs

.v4_bx          0x00000000080054b8        0x0
 .v4_bx         0x00000000080054b8        0x0 linker stubs

.iplt           0x00000000080054b8        0x0
 .iplt          0x00000000080054b8        0x0 c:/st/stm32cubeide_1.2.0/stm32cubeide/plugins/com.st.stm32cube.ide.mcu.externaltools.gnu-tools-for-stm32.7-2018-q2-update.win32_1.0.0.201904181610/tools/bin/../lib/gcc/arm-none-eabi/7.3.1/thumb/v7-m/crtbegin.o

.rodata         0x00000000080054b8       0x8c
                0x00000000080054b8                . = ALIGN (0x4)
 *(.rodata)
 .rodata        0x00000000080054b8       0x1f Core/Src/main.o
 *fill*         0x00000000080054d7        0x1 
 .rodata        0x00000000080054d8       0x12 Drivers/STM32F1xx_HAL_Driver/Src/stm32f1xx_hal_rcc.o
 *fill*         0x00000000080054ea        0x2 
 .rodata        0x00000000080054ec       0x46 USB_DEVICE/App/usbd_desc.o
 *(.rodata*)
 *fill*         0x0000000008005532        0x2 
 .rodata.AHBPrescTable
                0x0000000008005534       0x10 Core/Src/system_stm32f1xx.o
                0x0000000008005534                AHBPrescTable
                0x0000000008005544                . = ALIGN (0x4)

.rel.dyn        0x0000000008005544        0x0
 .rel.iplt      0x0000000008005544        0x0 c:/st/stm32cubeide_1.2.0/stm32cubeide/plugins/com.st.stm32cube.ide.mcu.externaltools.gnu-tools-for-stm32.7-2018-q2-update.win32_1.0.0.201904181610/tools/bin/../lib/gcc/arm-none-eabi/7.3.1/thumb/v7-m/crtbegin.o

.ARM.extab      0x0000000008005544        0x0
                0x0000000008005544                . = ALIGN (0x4)
 *(.ARM.extab* .gnu.linkonce.armextab.*)
                0x0000000008005544                . = ALIGN (0x4)

.ARM            0x0000000008005544        0x0
                0x0000000008005544                . = ALIGN (0x4)
                0x0000000008005544                __exidx_start = .
 *(.ARM.exidx*)
                0x0000000008005544                __exidx_end = .
                0x0000000008005544                . = ALIGN (0x4)

.preinit_array  0x0000000008005544        0x0
                0x0000000008005544                . = ALIGN (0x4)
                0x0000000008005544                PROVIDE (__preinit_array_start = .)
 *(.preinit_array*)
                0x0000000008005544                PROVIDE (__preinit_array_end = .)
                0x0000000008005544                . = ALIGN (0x4)

.init_array     0x0000000008005544        0x4
                0x0000000008005544                . = ALIGN (0x4)
                0x0000000008005544                PROVIDE (__init_array_start = .)
 *(SORT_BY_NAME(.init_array.*))
 *(.init_array*)
 .init_array    0x0000000008005544        0x4 c:/st/stm32cubeide_1.2.0/stm32cubeide/plugins/com.st.stm32cube.ide.mcu.externaltools.gnu-tools-for-stm32.7-2018-q2-update.win32_1.0.0.201904181610/tools/bin/../lib/gcc/arm-none-eabi/7.3.1/thumb/v7-m/crtbegin.o
                0x0000000008005548                PROVIDE (__init_array_end = .)
                0x0000000008005548                . = ALIGN (0x4)

.fini_array     0x0000000008005548        0x4
                0x0000000008005548                . = ALIGN (0x4)
                [!provide]                        PROVIDE (__fini_array_start = .)
 *(SORT_BY_NAME(.fini_array.*))
 *(.fini_array*)
 .fini_array    0x0000000008005548        0x4 c:/st/stm32cubeide_1.2.0/stm32cubeide/plugins/com.st.stm32cube.ide.mcu.externaltools.gnu-tools-for-stm32.7-2018-q2-update.win32_1.0.0.201904181610/tools/bin/../lib/gcc/arm-none-eabi/7.3.1/thumb/v7-m/crtbegin.o
                [!provide]                        PROVIDE (__fini_array_end = .)
                0x000000000800554c                . = ALIGN (0x4)
                0x000000000800554c                _sidata = LOADADDR (.data)

.data           0x0000000020000000      0x17c load address 0x000000000800554c
                0x0000000020000000                . = ALIGN (0x4)
                0x0000000020000000                _sdata = .
 *(.data)
 *(.data*)
 .data.SystemCoreClock
                0x0000000020000000        0x4 Core/Src/system_stm32f1xx.o
                0x0000000020000000                SystemCoreClock
 .data.uwTickPrio
                0x0000000020000004        0x4 Drivers/STM32F1xx_HAL_Driver/Src/stm32f1xx_hal.o
                0x0000000020000004                uwTickPrio
 .data.uwTickFreq
                0x0000000020000008        0x1 Drivers/STM32F1xx_HAL_Driver/Src/stm32f1xx_hal.o
                0x0000000020000008                uwTickFreq
 *fill*         0x0000000020000009        0x3 
 .data.USBD_CDC_DeviceQualifierDesc
                0x000000002000000c        0xa Middlewares/ST/STM32_USB_Device_Library/Class/CDC/Src/usbd_cdc.o
 *fill*         0x0000000020000016        0x2 
 .data.USBD_CDC
                0x0000000020000018       0x38 Middlewares/ST/STM32_USB_Device_Library/Class/CDC/Src/usbd_cdc.o
                0x0000000020000018                USBD_CDC
 .data.USBD_CDC_CfgHSDesc
                0x0000000020000050       0x43 Middlewares/ST/STM32_USB_Device_Library/Class/CDC/Src/usbd_cdc.o
                0x0000000020000050                USBD_CDC_CfgHSDesc
 *fill*         0x0000000020000093        0x1 
 .data.USBD_CDC_CfgFSDesc
                0x0000000020000094       0x43 Middlewares/ST/STM32_USB_Device_Library/Class/CDC/Src/usbd_cdc.o
                0x0000000020000094                USBD_CDC_CfgFSDesc
 *fill*         0x00000000200000d7        0x1 
 .data.USBD_CDC_OtherSpeedCfgDesc
                0x00000000200000d8       0x43 Middlewares/ST/STM32_USB_Device_Library/Class/CDC/Src/usbd_cdc.o
                0x00000000200000d8                USBD_CDC_OtherSpeedCfgDesc
 *fill*         0x000000002000011b        0x1 
 .data.USBD_Interface_fops_FS
                0x000000002000011c       0x10 USB_DEVICE/App/usbd_cdc_if.o
                0x000000002000011c                USBD_Interface_fops_FS
 .data.FS_Desc  0x000000002000012c       0x1c USB_DEVICE/App/usbd_desc.o
                0x000000002000012c                FS_Desc
 .data.USBD_FS_DeviceDesc
                0x0000000020000148       0x12 USB_DEVICE/App/usbd_desc.o
                0x0000000020000148                USBD_FS_DeviceDesc
 *fill*         0x000000002000015a        0x2 
 .data.USBD_LangIDDesc
                0x000000002000015c        0x4 USB_DEVICE/App/usbd_desc.o
                0x000000002000015c                USBD_LangIDDesc
 .data.USBD_StringSerial
                0x0000000020000160       0x1a USB_DEVICE/App/usbd_desc.o
                0x0000000020000160                USBD_StringSerial
                0x000000002000017c                . = ALIGN (0x4)
 *fill*         0x000000002000017a        0x2 
                0x000000002000017c                _edata = .

.igot.plt       0x000000002000017c        0x0 load address 0x00000000080056c8
 .igot.plt      0x000000002000017c        0x0 c:/st/stm32cubeide_1.2.0/stm32cubeide/plugins/com.st.stm32cube.ide.mcu.externaltools.gnu-tools-for-stm32.7-2018-q2-update.win32_1.0.0.201904181610/tools/bin/../lib/gcc/arm-none-eabi/7.3.1/thumb/v7-m/crtbegin.o
                0x000000002000017c                . = ALIGN (0x4)

.bss            0x000000002000017c     0x114c load address 0x00000000080056c8
                0x000000002000017c                _sbss = .
                0x000000002000017c                __bss_start__ = _sbss
 *(.bss)
 .bss           0x000000002000017c       0x1c c:/st/stm32cubeide_1.2.0/stm32cubeide/plugins/com.st.stm32cube.ide.mcu.externaltools.gnu-tools-for-stm32.7-2018-q2-update.win32_1.0.0.201904181610/tools/bin/../lib/gcc/arm-none-eabi/7.3.1/thumb/v7-m/crtbegin.o
 *(.bss*)
 .bss.cfgidx.7624
                0x0000000020000198        0x1 Middlewares/ST/STM32_USB_Device_Library/Core/Src/usbd_ctlreq.o
 *fill*         0x0000000020000199        0x3 
 .bss.mem.7689  0x000000002000019c      0x220 USB_DEVICE/Target/usbd_conf.o
 *(COMMON)
 COMMON         0x00000000200003bc        0x5 Core/Src/main.o
                0x00000000200003bc                CDC_rx_flag
                0x00000000200003c0                CDC_tx_buff
 *fill*         0x00000000200003c1        0x3 
 COMMON         0x00000000200003c4        0x4 Drivers/STM32F1xx_HAL_Driver/Src/stm32f1xx_hal.o
                0x00000000200003c4                uwTick
 COMMON         0x00000000200003c8      0x2c4 USB_DEVICE/App/usb_device.o
                0x00000000200003c8                hUsbDeviceFS
 COMMON         0x000000002000068c      0x7d0 USB_DEVICE/App/usbd_cdc_if.o
                0x000000002000068c                UserRxBufferFS
                0x0000000020000a74                UserTxBufferFS
 COMMON         0x0000000020000e5c      0x200 USB_DEVICE/App/usbd_desc.o
                0x0000000020000e5c                USBD_StrDesc
 COMMON         0x000000002000105c      0x26c USB_DEVICE/Target/usbd_conf.o
                0x000000002000105c                hpcd_USB_FS
                0x00000000200012c8                . = ALIGN (0x4)
                0x00000000200012c8                _ebss = .
                0x00000000200012c8                __bss_end__ = _ebss

._user_heap_stack
                0x00000000200012c8      0x600 load address 0x00000000080056c8
                0x00000000200012c8                . = ALIGN (0x8)
                0x00000000200012c8                PROVIDE (end = .)
                [!provide]                        PROVIDE (_end = .)
                0x00000000200014c8                . = (. + _Min_Heap_Size)
 *fill*         0x00000000200012c8      0x200 
                0x00000000200018c8                . = (. + _Min_Stack_Size)
 *fill*         0x00000000200014c8      0x400 
                0x00000000200018c8                . = ALIGN (0x8)

/DISCARD/
 libc.a(*)
 libm.a(*)
 libgcc.a(*)

.ARM.attributes
                0x0000000000000000       0x29
 *(.ARM.attributes)
 .ARM.attributes
                0x0000000000000000       0x1d c:/st/stm32cubeide_1.2.0/stm32cubeide/plugins/com.st.stm32cube.ide.mcu.externaltools.gnu-tools-for-stm32.7-2018-q2-update.win32_1.0.0.201904181610/tools/bin/../lib/gcc/arm-none-eabi/7.3.1/thumb/v7-m/crti.o
 .ARM.attributes
                0x000000000000001d       0x2d c:/st/stm32cubeide_1.2.0/stm32cubeide/plugins/com.st.stm32cube.ide.mcu.externaltools.gnu-tools-for-stm32.7-2018-q2-update.win32_1.0.0.201904181610/tools/bin/../lib/gcc/arm-none-eabi/7.3.1/thumb/v7-m/crtbegin.o
 .ARM.attributes
                0x000000000000004a       0x33 Core/Src/main.o
 .ARM.attributes
                0x000000000000007d       0x33 Core/Src/stm32f1xx_hal_msp.o
 .ARM.attributes
                0x00000000000000b0       0x33 Core/Src/stm32f1xx_it.o
 .ARM.attributes
                0x00000000000000e3       0x33 Core/Src/system_stm32f1xx.o
 .ARM.attributes
                0x0000000000000116       0x21 Core/Startup/startup_stm32f103c8tx.o
 .ARM.attributes
                0x0000000000000137       0x33 Drivers/STM32F1xx_HAL_Driver/Src/stm32f1xx_hal.o
 .ARM.attributes
                0x000000000000016a       0x33 Drivers/STM32F1xx_HAL_Driver/Src/stm32f1xx_hal_cortex.o
 .ARM.attributes
                0x000000000000019d       0x33 Drivers/STM32F1xx_HAL_Driver/Src/stm32f1xx_hal_gpio.o
 .ARM.attributes
                0x00000000000001d0       0x33 Drivers/STM32F1xx_HAL_Driver/Src/stm32f1xx_hal_pcd.o
 .ARM.attributes
                0x0000000000000203       0x33 Drivers/STM32F1xx_HAL_Driver/Src/stm32f1xx_hal_pcd_ex.o
 .ARM.attributes
                0x0000000000000236       0x33 Drivers/STM32F1xx_HAL_Driver/Src/stm32f1xx_hal_rcc.o
 .ARM.attributes
                0x0000000000000269       0x33 Drivers/STM32F1xx_HAL_Driver/Src/stm32f1xx_hal_rcc_ex.o
 .ARM.attributes
                0x000000000000029c       0x33 Drivers/STM32F1xx_HAL_Driver/Src/stm32f1xx_ll_usb.o
 .ARM.attributes
                0x00000000000002cf       0x33 Middlewares/ST/STM32_USB_Device_Library/Class/CDC/Src/usbd_cdc.o
 .ARM.attributes
                0x0000000000000302       0x33 Middlewares/ST/STM32_USB_Device_Library/Core/Src/usbd_core.o
 .ARM.attributes
                0x0000000000000335       0x33 Middlewares/ST/STM32_USB_Device_Library/Core/Src/usbd_ctlreq.o
 .ARM.attributes
                0x0000000000000368       0x33 Middlewares/ST/STM32_USB_Device_Library/Core/Src/usbd_ioreq.o
 .ARM.attributes
                0x000000000000039b       0x33 USB_DEVICE/App/usb_device.o
 .ARM.attributes
                0x00000000000003ce       0x33 USB_DEVICE/App/usbd_cdc_if.o
 .ARM.attributes
                0x0000000000000401       0x33 USB_DEVICE/App/usbd_desc.o
 .ARM.attributes
                0x0000000000000434       0x33 USB_DEVICE/Target/usbd_conf.o
 .ARM.attributes
                0x0000000000000467       0x2d c:/st/stm32cubeide_1.2.0/stm32cubeide/plugins/com.st.stm32cube.ide.mcu.externaltools.gnu-tools-for-stm32.7-2018-q2-update.win32_1.0.0.201904181610/tools/bin/../lib/gcc/arm-none-eabi/7.3.1/../../../../arm-none-eabi/lib/thumb/v7-m\libc_nano.a(lib_a-init.o)
 .ARM.attributes
                0x0000000000000494       0x2d c:/st/stm32cubeide_1.2.0/stm32cubeide/plugins/com.st.stm32cube.ide.mcu.externaltools.gnu-tools-for-stm32.7-2018-q2-update.win32_1.0.0.201904181610/tools/bin/../lib/gcc/arm-none-eabi/7.3.1/../../../../arm-none-eabi/lib/thumb/v7-m\libc_nano.a(lib_a-memset.o)
 .ARM.attributes
                0x00000000000004c1       0x1d c:/st/stm32cubeide_1.2.0/stm32cubeide/plugins/com.st.stm32cube.ide.mcu.externaltools.gnu-tools-for-stm32.7-2018-q2-update.win32_1.0.0.201904181610/tools/bin/../lib/gcc/arm-none-eabi/7.3.1/thumb/v7-m/crtn.o
OUTPUT(USB_Prueb.elf elf32-littlearm)

.debug_info     0x0000000000000000    0x1003a
 .debug_info    0x0000000000000000      0xecd Core/Src/main.o
 .debug_info    0x0000000000000ecd      0x411 Core/Src/stm32f1xx_hal_msp.o
 .debug_info    0x00000000000012de      0x692 Core/Src/stm32f1xx_it.o
 .debug_info    0x0000000000001970      0x433 Core/Src/system_stm32f1xx.o
 .debug_info    0x0000000000001da3       0x22 Core/Startup/startup_stm32f103c8tx.o
 .debug_info    0x0000000000001dc5      0x6fe Drivers/STM32F1xx_HAL_Driver/Src/stm32f1xx_hal.o
 .debug_info    0x00000000000024c3      0xb46 Drivers/STM32F1xx_HAL_Driver/Src/stm32f1xx_hal_cortex.o
 .debug_info    0x0000000000003009      0x681 Drivers/STM32F1xx_HAL_Driver/Src/stm32f1xx_hal_gpio.o
 .debug_info    0x000000000000368a      0xe38 Drivers/STM32F1xx_HAL_Driver/Src/stm32f1xx_hal_pcd.o
 .debug_info    0x00000000000044c2      0x760 Drivers/STM32F1xx_HAL_Driver/Src/stm32f1xx_hal_pcd_ex.o
 .debug_info    0x0000000000004c22      0x804 Drivers/STM32F1xx_HAL_Driver/Src/stm32f1xx_hal_rcc.o
 .debug_info    0x0000000000005426      0x439 Drivers/STM32F1xx_HAL_Driver/Src/stm32f1xx_hal_rcc_ex.o
 .debug_info    0x000000000000585f     0x14f9 Drivers/STM32F1xx_HAL_Driver/Src/stm32f1xx_ll_usb.o
 .debug_info    0x0000000000006d58     0x1791 Middlewares/ST/STM32_USB_Device_Library/Class/CDC/Src/usbd_cdc.o
 .debug_info    0x00000000000084e9     0x11c2 Middlewares/ST/STM32_USB_Device_Library/Core/Src/usbd_core.o
 .debug_info    0x00000000000096ab     0x1132 Middlewares/ST/STM32_USB_Device_Library/Core/Src/usbd_ctlreq.o
 .debug_info    0x000000000000a7dd      0xf23 Middlewares/ST/STM32_USB_Device_Library/Core/Src/usbd_ioreq.o
 .debug_info    0x000000000000b700      0xe6b USB_DEVICE/App/usb_device.o
 .debug_info    0x000000000000c56b     0x1036 USB_DEVICE/App/usbd_cdc_if.o
 .debug_info    0x000000000000d5a1      0xd07 USB_DEVICE/App/usbd_desc.o
 .debug_info    0x000000000000e2a8     0x1d92 USB_DEVICE/Target/usbd_conf.o

.debug_abbrev   0x0000000000000000     0x291c
 .debug_abbrev  0x0000000000000000      0x246 Core/Src/main.o
 .debug_abbrev  0x0000000000000246      0x112 Core/Src/stm32f1xx_hal_msp.o
 .debug_abbrev  0x0000000000000358      0x155 Core/Src/stm32f1xx_it.o
 .debug_abbrev  0x00000000000004ad      0x134 Core/Src/system_stm32f1xx.o
 .debug_abbrev  0x00000000000005e1       0x12 Core/Startup/startup_stm32f103c8tx.o
 .debug_abbrev  0x00000000000005f3      0x1d8 Drivers/STM32F1xx_HAL_Driver/Src/stm32f1xx_hal.o
 .debug_abbrev  0x00000000000007cb      0x2d5 Drivers/STM32F1xx_HAL_Driver/Src/stm32f1xx_hal_cortex.o
 .debug_abbrev  0x0000000000000aa0      0x1c0 Drivers/STM32F1xx_HAL_Driver/Src/stm32f1xx_hal_gpio.o
 .debug_abbrev  0x0000000000000c60      0x263 Drivers/STM32F1xx_HAL_Driver/Src/stm32f1xx_hal_pcd.o
 .debug_abbrev  0x0000000000000ec3      0x188 Drivers/STM32F1xx_HAL_Driver/Src/stm32f1xx_hal_pcd_ex.o
 .debug_abbrev  0x000000000000104b      0x243 Drivers/STM32F1xx_HAL_Driver/Src/stm32f1xx_hal_rcc.o
 .debug_abbrev  0x000000000000128e      0x175 Drivers/STM32F1xx_HAL_Driver/Src/stm32f1xx_hal_rcc_ex.o
 .debug_abbrev  0x0000000000001403      0x1c5 Drivers/STM32F1xx_HAL_Driver/Src/stm32f1xx_ll_usb.o
 .debug_abbrev  0x00000000000015c8      0x2b6 Middlewares/ST/STM32_USB_Device_Library/Class/CDC/Src/usbd_cdc.o
 .debug_abbrev  0x000000000000187e      0x270 Middlewares/ST/STM32_USB_Device_Library/Core/Src/usbd_core.o
 .debug_abbrev  0x0000000000001aee      0x2a0 Middlewares/ST/STM32_USB_Device_Library/Core/Src/usbd_ctlreq.o
 .debug_abbrev  0x0000000000001d8e      0x1e0 Middlewares/ST/STM32_USB_Device_Library/Core/Src/usbd_ioreq.o
 .debug_abbrev  0x0000000000001f6e      0x1be USB_DEVICE/App/usb_device.o
 .debug_abbrev  0x000000000000212c      0x285 USB_DEVICE/App/usbd_cdc_if.o
 .debug_abbrev  0x00000000000023b1      0x290 USB_DEVICE/App/usbd_desc.o
 .debug_abbrev  0x0000000000002641      0x2db USB_DEVICE/Target/usbd_conf.o

.debug_aranges  0x0000000000000000      0xa70
 .debug_aranges
                0x0000000000000000       0x40 Core/Src/main.o
 .debug_aranges
                0x0000000000000040       0x20 Core/Src/stm32f1xx_hal_msp.o
 .debug_aranges
                0x0000000000000060       0x70 Core/Src/stm32f1xx_it.o
 .debug_aranges
                0x00000000000000d0       0x28 Core/Src/system_stm32f1xx.o
 .debug_aranges
                0x00000000000000f8       0x28 Core/Startup/startup_stm32f103c8tx.o
 .debug_aranges
                0x0000000000000120       0xe0 Drivers/STM32F1xx_HAL_Driver/Src/stm32f1xx_hal.o
 .debug_aranges
                0x0000000000000200      0x100 Drivers/STM32F1xx_HAL_Driver/Src/stm32f1xx_hal_cortex.o
 .debug_aranges
                0x0000000000000300       0x58 Drivers/STM32F1xx_HAL_Driver/Src/stm32f1xx_hal_gpio.o
 .debug_aranges
                0x0000000000000358      0x120 Drivers/STM32F1xx_HAL_Driver/Src/stm32f1xx_hal_pcd.o
 .debug_aranges
                0x0000000000000478       0x38 Drivers/STM32F1xx_HAL_Driver/Src/stm32f1xx_hal_pcd_ex.o
 .debug_aranges
                0x00000000000004b0       0x90 Drivers/STM32F1xx_HAL_Driver/Src/stm32f1xx_hal_rcc.o
 .debug_aranges
                0x0000000000000540       0x30 Drivers/STM32F1xx_HAL_Driver/Src/stm32f1xx_hal_rcc_ex.o
 .debug_aranges
                0x0000000000000570      0x108 Drivers/STM32F1xx_HAL_Driver/Src/stm32f1xx_ll_usb.o
 .debug_aranges
                0x0000000000000678       0x90 Middlewares/ST/STM32_USB_Device_Library/Class/CDC/Src/usbd_cdc.o
 .debug_aranges
                0x0000000000000708       0xb8 Middlewares/ST/STM32_USB_Device_Library/Core/Src/usbd_core.o
 .debug_aranges
                0x00000000000007c0       0x88 Middlewares/ST/STM32_USB_Device_Library/Core/Src/usbd_ctlreq.o
 .debug_aranges
                0x0000000000000848       0x50 Middlewares/ST/STM32_USB_Device_Library/Core/Src/usbd_ioreq.o
 .debug_aranges
                0x0000000000000898       0x20 USB_DEVICE/App/usb_device.o
 .debug_aranges
                0x00000000000008b8       0x40 USB_DEVICE/App/usbd_cdc_if.o
 .debug_aranges
                0x00000000000008f8       0x60 USB_DEVICE/App/usbd_desc.o
 .debug_aranges
                0x0000000000000958      0x118 USB_DEVICE/Target/usbd_conf.o

.debug_ranges   0x0000000000000000      0x928
 .debug_ranges  0x0000000000000000       0x30 Core/Src/main.o
 .debug_ranges  0x0000000000000030       0x10 Core/Src/stm32f1xx_hal_msp.o
 .debug_ranges  0x0000000000000040       0x60 Core/Src/stm32f1xx_it.o
 .debug_ranges  0x00000000000000a0       0x18 Core/Src/system_stm32f1xx.o
 .debug_ranges  0x00000000000000b8       0x20 Core/Startup/startup_stm32f103c8tx.o
 .debug_ranges  0x00000000000000d8       0xd0 Drivers/STM32F1xx_HAL_Driver/Src/stm32f1xx_hal.o
 .debug_ranges  0x00000000000001a8       0xf0 Drivers/STM32F1xx_HAL_Driver/Src/stm32f1xx_hal_cortex.o
 .debug_ranges  0x0000000000000298       0x48 Drivers/STM32F1xx_HAL_Driver/Src/stm32f1xx_hal_gpio.o
 .debug_ranges  0x00000000000002e0      0x110 Drivers/STM32F1xx_HAL_Driver/Src/stm32f1xx_hal_pcd.o
 .debug_ranges  0x00000000000003f0       0x28 Drivers/STM32F1xx_HAL_Driver/Src/stm32f1xx_hal_pcd_ex.o
 .debug_ranges  0x0000000000000418       0x80 Drivers/STM32F1xx_HAL_Driver/Src/stm32f1xx_hal_rcc.o
 .debug_ranges  0x0000000000000498       0x20 Drivers/STM32F1xx_HAL_Driver/Src/stm32f1xx_hal_rcc_ex.o
 .debug_ranges  0x00000000000004b8       0xf8 Drivers/STM32F1xx_HAL_Driver/Src/stm32f1xx_ll_usb.o
 .debug_ranges  0x00000000000005b0       0x80 Middlewares/ST/STM32_USB_Device_Library/Class/CDC/Src/usbd_cdc.o
 .debug_ranges  0x0000000000000630       0xa8 Middlewares/ST/STM32_USB_Device_Library/Core/Src/usbd_core.o
 .debug_ranges  0x00000000000006d8       0x78 Middlewares/ST/STM32_USB_Device_Library/Core/Src/usbd_ctlreq.o
 .debug_ranges  0x0000000000000750       0x40 Middlewares/ST/STM32_USB_Device_Library/Core/Src/usbd_ioreq.o
 .debug_ranges  0x0000000000000790       0x10 USB_DEVICE/App/usb_device.o
 .debug_ranges  0x00000000000007a0       0x30 USB_DEVICE/App/usbd_cdc_if.o
 .debug_ranges  0x00000000000007d0       0x50 USB_DEVICE/App/usbd_desc.o
 .debug_ranges  0x0000000000000820      0x108 USB_DEVICE/Target/usbd_conf.o

.debug_macro    0x0000000000000000    0x16072
 .debug_macro   0x0000000000000000      0x390 Core/Src/main.o
 .debug_macro   0x0000000000000390      0xa5a Core/Src/main.o
 .debug_macro   0x0000000000000dea      0x215 Core/Src/main.o
 .debug_macro   0x0000000000000fff       0x2e Core/Src/main.o
 .debug_macro   0x000000000000102d       0x22 Core/Src/main.o
 .debug_macro   0x000000000000104f       0x22 Core/Src/main.o
 .debug_macro   0x0000000000001071       0x8e Core/Src/main.o
 .debug_macro   0x00000000000010ff       0x51 Core/Src/main.o
 .debug_macro   0x0000000000001150       0xef Core/Src/main.o
 .debug_macro   0x000000000000123f       0x6a Core/Src/main.o
 .debug_macro   0x00000000000012a9      0x1df Core/Src/main.o
 .debug_macro   0x0000000000001488       0x1c Core/Src/main.o
 .debug_macro   0x00000000000014a4       0x22 Core/Src/main.o
 .debug_macro   0x00000000000014c6       0xc3 Core/Src/main.o
 .debug_macro   0x0000000000001589      0xd23 Core/Src/main.o
 .debug_macro   0x00000000000022ac     0xe09e Core/Src/main.o
 .debug_macro   0x000000000001034a       0x43 Core/Src/main.o
 .debug_macro   0x000000000001038d      0x174 Core/Src/main.o
 .debug_macro   0x0000000000010501       0x5a Core/Src/main.o
 .debug_macro   0x000000000001055b      0x5be Core/Src/main.o
 .debug_macro   0x0000000000010b19      0x289 Core/Src/main.o
 .debug_macro   0x0000000000010da2      0x1cb Core/Src/main.o
 .debug_macro   0x0000000000010f6d      0x114 Core/Src/main.o
 .debug_macro   0x0000000000011081      0x1b2 Core/Src/main.o
 .debug_macro   0x0000000000011233       0x27 Core/Src/main.o
 .debug_macro   0x000000000001125a      0x136 Core/Src/main.o
 .debug_macro   0x0000000000011390      0x1bc Core/Src/main.o
 .debug_macro   0x000000000001154c       0x34 Core/Src/main.o
 .debug_macro   0x0000000000011580       0x3c Core/Src/main.o
 .debug_macro   0x00000000000115bc       0x57 Core/Src/main.o
 .debug_macro   0x0000000000011613       0x88 Core/Src/main.o
 .debug_macro   0x000000000001169b      0x241 Core/Src/main.o
 .debug_macro   0x00000000000118dc      0x141 Core/Src/main.o
 .debug_macro   0x0000000000011a1d       0x65 Core/Src/main.o
 .debug_macro   0x0000000000011a82      0x249 Core/Src/main.o
 .debug_macro   0x0000000000011ccb       0x83 Core/Src/main.o
 .debug_macro   0x0000000000011d4e       0x10 Core/Src/main.o
 .debug_macro   0x0000000000011d5e       0x46 Core/Src/main.o
 .debug_macro   0x0000000000011da4       0x18 Core/Src/main.o
 .debug_macro   0x0000000000011dbc       0x3c Core/Src/main.o
 .debug_macro   0x0000000000011df8       0x34 Core/Src/main.o
 .debug_macro   0x0000000000011e2c       0x16 Core/Src/main.o
 .debug_macro   0x0000000000011e42       0x35 Core/Src/main.o
 .debug_macro   0x0000000000011e77      0x32a Core/Src/main.o
 .debug_macro   0x00000000000121a1       0x10 Core/Src/main.o
 .debug_macro   0x00000000000121b1       0x52 Core/Src/main.o
 .debug_macro   0x0000000000012203       0x1f Core/Src/main.o
 .debug_macro   0x0000000000012222       0x43 Core/Src/main.o
 .debug_macro   0x0000000000012265       0x20 Core/Src/main.o
 .debug_macro   0x0000000000012285      0x1a3 Core/Src/main.o
 .debug_macro   0x0000000000012428       0x10 Core/Src/main.o
 .debug_macro   0x0000000000012438       0x1c Core/Src/main.o
 .debug_macro   0x0000000000012454       0x52 Core/Src/main.o
 .debug_macro   0x00000000000124a6       0x40 Core/Src/main.o
 .debug_macro   0x00000000000124e6       0x10 Core/Src/main.o
 .debug_macro   0x00000000000124f6       0x40 Core/Src/main.o
 .debug_macro   0x0000000000012536       0xd7 Core/Src/main.o
 .debug_macro   0x000000000001260d       0x1c Core/Src/main.o
 .debug_macro   0x0000000000012629       0x3d Core/Src/main.o
 .debug_macro   0x0000000000012666       0x16 Core/Src/main.o
 .debug_macro   0x000000000001267c      0x145 Core/Src/main.o
 .debug_macro   0x00000000000127c1       0x16 Core/Src/main.o
 .debug_macro   0x00000000000127d7       0x16 Core/Src/main.o
 .debug_macro   0x00000000000127ed       0x29 Core/Src/main.o
 .debug_macro   0x0000000000012816       0x16 Core/Src/main.o
 .debug_macro   0x000000000001282c       0x20 Core/Src/main.o
 .debug_macro   0x000000000001284c       0x60 Core/Src/main.o
 .debug_macro   0x00000000000128ac      0x1c8 Core/Src/main.o
 .debug_macro   0x0000000000012a74      0x1ae Core/Src/stm32f1xx_hal_msp.o
 .debug_macro   0x0000000000012c22      0x1b8 Core/Src/stm32f1xx_it.o
 .debug_macro   0x0000000000012dda      0x1a5 Core/Src/system_stm32f1xx.o
 .debug_macro   0x0000000000012f7f      0x1c3 Drivers/STM32F1xx_HAL_Driver/Src/stm32f1xx_hal.o
 .debug_macro   0x0000000000013142      0x19f Drivers/STM32F1xx_HAL_Driver/Src/stm32f1xx_hal_cortex.o
 .debug_macro   0x00000000000132e1      0x20a Drivers/STM32F1xx_HAL_Driver/Src/stm32f1xx_hal_gpio.o
 .debug_macro   0x00000000000134eb      0x1ab Drivers/STM32F1xx_HAL_Driver/Src/stm32f1xx_hal_pcd.o
 .debug_macro   0x0000000000013696      0x19f Drivers/STM32F1xx_HAL_Driver/Src/stm32f1xx_hal_pcd_ex.o
 .debug_macro   0x0000000000013835      0x1b1 Drivers/STM32F1xx_HAL_Driver/Src/stm32f1xx_hal_rcc.o
 .debug_macro   0x00000000000139e6      0x19f Drivers/STM32F1xx_HAL_Driver/Src/stm32f1xx_hal_rcc_ex.o
 .debug_macro   0x0000000000013b85      0x19f Drivers/STM32F1xx_HAL_Driver/Src/stm32f1xx_ll_usb.o
 .debug_macro   0x0000000000013d24      0x3bb Middlewares/ST/STM32_USB_Device_Library/Class/CDC/Src/usbd_cdc.o
 .debug_macro   0x00000000000140df       0x97 Middlewares/ST/STM32_USB_Device_Library/Class/CDC/Src/usbd_cdc.o
 .debug_macro   0x0000000000014176       0xfd Middlewares/ST/STM32_USB_Device_Library/Class/CDC/Src/usbd_cdc.o
 .debug_macro   0x0000000000014273       0xbd Middlewares/ST/STM32_USB_Device_Library/Class/CDC/Src/usbd_cdc.o
 .debug_macro   0x0000000000014330       0x54 Middlewares/ST/STM32_USB_Device_Library/Class/CDC/Src/usbd_cdc.o
 .debug_macro   0x0000000000014384       0x8f Middlewares/ST/STM32_USB_Device_Library/Class/CDC/Src/usbd_cdc.o
 .debug_macro   0x0000000000014413      0x3a2 Middlewares/ST/STM32_USB_Device_Library/Core/Src/usbd_core.o
 .debug_macro   0x00000000000147b5      0x1ce Middlewares/ST/STM32_USB_Device_Library/Core/Src/usbd_core.o
 .debug_macro   0x0000000000014983      0x3ac Middlewares/ST/STM32_USB_Device_Library/Core/Src/usbd_ctlreq.o
 .debug_macro   0x0000000000014d2f      0x3a8 Middlewares/ST/STM32_USB_Device_Library/Core/Src/usbd_ioreq.o
 .debug_macro   0x00000000000150d7      0x3dc USB_DEVICE/App/usb_device.o
 .debug_macro   0x00000000000154b3       0x16 USB_DEVICE/App/usb_device.o
 .debug_macro   0x00000000000154c9       0x22 USB_DEVICE/App/usb_device.o
 .debug_macro   0x00000000000154eb      0x3cd USB_DEVICE/App/usbd_cdc_if.o
 .debug_macro   0x00000000000158b8      0x3df USB_DEVICE/App/usbd_desc.o
 .debug_macro   0x0000000000015c97       0x1c USB_DEVICE/App/usbd_desc.o
 .debug_macro   0x0000000000015cb3      0x3bf USB_DEVICE/Target/usbd_conf.o

.debug_line     0x0000000000000000     0xb696
 .debug_line    0x0000000000000000      0x954 Core/Src/main.o
 .debug_line    0x0000000000000954      0x637 Core/Src/stm32f1xx_hal_msp.o
 .debug_line    0x0000000000000f8b      0x6fb Core/Src/stm32f1xx_it.o
 .debug_line    0x0000000000001686      0x665 Core/Src/system_stm32f1xx.o
 .debug_line    0x0000000000001ceb       0x84 Core/Startup/startup_stm32f103c8tx.o
 .debug_line    0x0000000000001d6f      0x80d Drivers/STM32F1xx_HAL_Driver/Src/stm32f1xx_hal.o
 .debug_line    0x000000000000257c      0x8e6 Drivers/STM32F1xx_HAL_Driver/Src/stm32f1xx_hal_cortex.o
 .debug_line    0x0000000000002e62      0x80d Drivers/STM32F1xx_HAL_Driver/Src/stm32f1xx_hal_gpio.o
 .debug_line    0x000000000000366f      0xb00 Drivers/STM32F1xx_HAL_Driver/Src/stm32f1xx_hal_pcd.o
 .debug_line    0x000000000000416f      0x680 Drivers/STM32F1xx_HAL_Driver/Src/stm32f1xx_hal_pcd_ex.o
 .debug_line    0x00000000000047ef      0x8cf Drivers/STM32F1xx_HAL_Driver/Src/stm32f1xx_hal_rcc.o
 .debug_line    0x00000000000050be      0x6ed Drivers/STM32F1xx_HAL_Driver/Src/stm32f1xx_hal_rcc_ex.o
 .debug_line    0x00000000000057ab      0xb19 Drivers/STM32F1xx_HAL_Driver/Src/stm32f1xx_ll_usb.o
 .debug_line    0x00000000000062c4      0xaeb Middlewares/ST/STM32_USB_Device_Library/Class/CDC/Src/usbd_cdc.o
 .debug_line    0x0000000000006daf      0xb26 Middlewares/ST/STM32_USB_Device_Library/Core/Src/usbd_core.o
 .debug_line    0x00000000000078d5      0xbaf Middlewares/ST/STM32_USB_Device_Library/Core/Src/usbd_ctlreq.o
 .debug_line    0x0000000000008484      0x98f Middlewares/ST/STM32_USB_Device_Library/Core/Src/usbd_ioreq.o
 .debug_line    0x0000000000008e13      0x971 USB_DEVICE/App/usb_device.o
 .debug_line    0x0000000000009784      0x9a5 USB_DEVICE/App/usbd_cdc_if.o
 .debug_line    0x000000000000a129      0x9c3 USB_DEVICE/App/usbd_desc.o
 .debug_line    0x000000000000aaec      0xbaa USB_DEVICE/Target/usbd_conf.o

.debug_str      0x0000000000000000    0x6cfbe
 .debug_str     0x0000000000000000    0x6a3d8 Core/Src/main.o
                                      0x6a7c1 (size before relaxing)
 .debug_str     0x000000000006a3d8       0x5a Core/Src/stm32f1xx_hal_msp.o
                                      0x659c2 (size before relaxing)
 .debug_str     0x000000000006a432      0x3e4 Core/Src/stm32f1xx_it.o
                                      0x65a86 (size before relaxing)
 .debug_str     0x000000000006a816       0xc2 Core/Src/system_stm32f1xx.o
                                      0x6572a (size before relaxing)
 .debug_str     0x000000000006a8d8       0x36 Core/Startup/startup_stm32f103c8tx.o
                                         0x72 (size before relaxing)
 .debug_str     0x000000000006a90e      0x3bb Drivers/STM32F1xx_HAL_Driver/Src/stm32f1xx_hal.o
                                      0x65d3b (size before relaxing)
 .debug_str     0x000000000006acc9      0x2a0 Drivers/STM32F1xx_HAL_Driver/Src/stm32f1xx_hal_cortex.o
                                      0x65d49 (size before relaxing)
 .debug_str     0x000000000006af69      0x324 Drivers/STM32F1xx_HAL_Driver/Src/stm32f1xx_hal_gpio.o
                                      0x65a74 (size before relaxing)
 .debug_str     0x000000000006b28d      0x3af Drivers/STM32F1xx_HAL_Driver/Src/stm32f1xx_hal_pcd.o
                                      0x65d5b (size before relaxing)
 .debug_str     0x000000000006b63c      0x18d Drivers/STM32F1xx_HAL_Driver/Src/stm32f1xx_hal_pcd_ex.o
                                      0x65b37 (size before relaxing)
 .debug_str     0x000000000006b7c9      0x263 Drivers/STM32F1xx_HAL_Driver/Src/stm32f1xx_hal_rcc.o
                                      0x65aad (size before relaxing)
 .debug_str     0x000000000006ba2c       0xb9 Drivers/STM32F1xx_HAL_Driver/Src/stm32f1xx_hal_rcc_ex.o
                                      0x6583a (size before relaxing)
 .debug_str     0x000000000006bae5      0x304 Drivers/STM32F1xx_HAL_Driver/Src/stm32f1xx_ll_usb.o
                                      0x65ba1 (size before relaxing)
 .debug_str     0x000000000006bde9      0x8d9 Middlewares/ST/STM32_USB_Device_Library/Class/CDC/Src/usbd_cdc.o
                                      0x6aecd (size before relaxing)
 .debug_str     0x000000000006c6c2      0x1b5 Middlewares/ST/STM32_USB_Device_Library/Core/Src/usbd_core.o
                                      0x6a7e1 (size before relaxing)
 .debug_str     0x000000000006c877      0x134 Middlewares/ST/STM32_USB_Device_Library/Core/Src/usbd_ctlreq.o
                                      0x6a767 (size before relaxing)
 .debug_str     0x000000000006c9ab       0xc9 Middlewares/ST/STM32_USB_Device_Library/Core/Src/usbd_ioreq.o
                                      0x6a6ef (size before relaxing)
 .debug_str     0x000000000006ca74       0xec USB_DEVICE/App/usb_device.o
                                      0x6aa2a (size before relaxing)
 .debug_str     0x000000000006cb60       0xb2 USB_DEVICE/App/usbd_cdc_if.o
                                      0x6aa9a (size before relaxing)
 .debug_str     0x000000000006cc12      0x258 USB_DEVICE/App/usbd_desc.o
                                      0x6a65a (size before relaxing)
 .debug_str     0x000000000006ce6a      0x154 USB_DEVICE/Target/usbd_conf.o
                                      0x6b2f3 (size before relaxing)

.comment        0x0000000000000000       0x7b
 .comment       0x0000000000000000       0x7b Core/Src/main.o
                                         0x7c (size before relaxing)
 .comment       0x000000000000007b       0x7c Core/Src/stm32f1xx_hal_msp.o
 .comment       0x000000000000007b       0x7c Core/Src/stm32f1xx_it.o
 .comment       0x000000000000007b       0x7c Core/Src/system_stm32f1xx.o
 .comment       0x000000000000007b       0x7c Drivers/STM32F1xx_HAL_Driver/Src/stm32f1xx_hal.o
 .comment       0x000000000000007b       0x7c Drivers/STM32F1xx_HAL_Driver/Src/stm32f1xx_hal_cortex.o
 .comment       0x000000000000007b       0x7c Drivers/STM32F1xx_HAL_Driver/Src/stm32f1xx_hal_gpio.o
 .comment       0x000000000000007b       0x7c Drivers/STM32F1xx_HAL_Driver/Src/stm32f1xx_hal_pcd.o
 .comment       0x000000000000007b       0x7c Drivers/STM32F1xx_HAL_Driver/Src/stm32f1xx_hal_pcd_ex.o
 .comment       0x000000000000007b       0x7c Drivers/STM32F1xx_HAL_Driver/Src/stm32f1xx_hal_rcc.o
 .comment       0x000000000000007b       0x7c Drivers/STM32F1xx_HAL_Driver/Src/stm32f1xx_hal_rcc_ex.o
 .comment       0x000000000000007b       0x7c Drivers/STM32F1xx_HAL_Driver/Src/stm32f1xx_ll_usb.o
 .comment       0x000000000000007b       0x7c Middlewares/ST/STM32_USB_Device_Library/Class/CDC/Src/usbd_cdc.o
 .comment       0x000000000000007b       0x7c Middlewares/ST/STM32_USB_Device_Library/Core/Src/usbd_core.o
 .comment       0x000000000000007b       0x7c Middlewares/ST/STM32_USB_Device_Library/Core/Src/usbd_ctlreq.o
 .comment       0x000000000000007b       0x7c Middlewares/ST/STM32_USB_Device_Library/Core/Src/usbd_ioreq.o
 .comment       0x000000000000007b       0x7c USB_DEVICE/App/usb_device.o
 .comment       0x000000000000007b       0x7c USB_DEVICE/App/usbd_cdc_if.o
 .comment       0x000000000000007b       0x7c USB_DEVICE/App/usbd_desc.o
 .comment       0x000000000000007b       0x7c USB_DEVICE/Target/usbd_conf.o

.debug_frame    0x0000000000000000     0x27fc
 .debug_frame   0x0000000000000000       0xb0 Core/Src/main.o
 .debug_frame   0x00000000000000b0       0x34 Core/Src/stm32f1xx_hal_msp.o
 .debug_frame   0x00000000000000e4      0x148 Core/Src/stm32f1xx_it.o
 .debug_frame   0x000000000000022c       0x58 Core/Src/system_stm32f1xx.o
 .debug_frame   0x0000000000000284      0x334 Drivers/STM32F1xx_HAL_Driver/Src/stm32f1xx_hal.o
 .debug_frame   0x00000000000005b8      0x428 Drivers/STM32F1xx_HAL_Driver/Src/stm32f1xx_hal_cortex.o
 .debug_frame   0x00000000000009e0      0x14c Drivers/STM32F1xx_HAL_Driver/Src/stm32f1xx_hal_gpio.o
 .debug_frame   0x0000000000000b2c      0x500 Drivers/STM32F1xx_HAL_Driver/Src/stm32f1xx_hal_pcd.o
 .debug_frame   0x000000000000102c       0xb0 Drivers/STM32F1xx_HAL_Driver/Src/stm32f1xx_hal_pcd_ex.o
 .debug_frame   0x00000000000010dc      0x21c Drivers/STM32F1xx_HAL_Driver/Src/stm32f1xx_hal_rcc.o
 .debug_frame   0x00000000000012f8       0x84 Drivers/STM32F1xx_HAL_Driver/Src/stm32f1xx_hal_rcc_ex.o
 .debug_frame   0x000000000000137c      0x4d8 Drivers/STM32F1xx_HAL_Driver/Src/stm32f1xx_ll_usb.o
 .debug_frame   0x0000000000001854      0x248 Middlewares/ST/STM32_USB_Device_Library/Class/CDC/Src/usbd_cdc.o
 .debug_frame   0x0000000000001a9c      0x300 Middlewares/ST/STM32_USB_Device_Library/Core/Src/usbd_core.o
 .debug_frame   0x0000000000001d9c      0x218 Middlewares/ST/STM32_USB_Device_Library/Core/Src/usbd_ctlreq.o
 .debug_frame   0x0000000000001fb4      0x10c Middlewares/ST/STM32_USB_Device_Library/Core/Src/usbd_ioreq.o
 .debug_frame   0x00000000000020c0       0x2c USB_DEVICE/App/usb_device.o
 .debug_frame   0x00000000000020ec       0xbc USB_DEVICE/App/usbd_cdc_if.o
 .debug_frame   0x00000000000021a8      0x160 USB_DEVICE/App/usbd_desc.o
 .debug_frame   0x0000000000002308      0x4a8 USB_DEVICE/Target/usbd_conf.o
 .debug_frame   0x00000000000027b0       0x2c c:/st/stm32cubeide_1.2.0/stm32cubeide/plugins/com.st.stm32cube.ide.mcu.externaltools.gnu-tools-for-stm32.7-2018-q2-update.win32_1.0.0.201904181610/tools/bin/../lib/gcc/arm-none-eabi/7.3.1/../../../../arm-none-eabi/lib/thumb/v7-m\libc_nano.a(lib_a-init.o)
 .debug_frame   0x00000000000027dc       0x20 c:/st/stm32cubeide_1.2.0/stm32cubeide/plugins/com.st.stm32cube.ide.mcu.externaltools.gnu-tools-for-stm32.7-2018-q2-update.win32_1.0.0.201904181610/tools/bin/../lib/gcc/arm-none-eabi/7.3.1/../../../../arm-none-eabi/lib/thumb/v7-m\libc_nano.a(lib_a-memset.o)
